Archive member included to satisfy reference by file (symbol)

/wrk3/pasilack/lpcxpresso_8.2.2_650/lpcxpresso/LPCXpresso/workspace/lpc_chip_8xx/Debug/liblpc_chip_8xx.a(chip_8xx.o)
                              ./src/Blinky_led.o (SystemCoreClockUpdate)
/wrk3/pasilack/lpcxpresso_8.2.2_650/lpcxpresso/LPCXpresso/workspace/lpc_chip_8xx/Debug/liblpc_chip_8xx.a(clock_8xx.o)
                              /wrk3/pasilack/lpcxpresso_8.2.2_650/lpcxpresso/LPCXpresso/workspace/lpc_chip_8xx/Debug/liblpc_chip_8xx.a(chip_8xx.o) (Chip_Clock_GetSystemClockRate)
/wrk3/pasilack/lpcxpresso_8.2.2_650/lpcxpresso/LPCXpresso/workspace/lpc_chip_8xx/Debug/liblpc_chip_8xx.a(sysinit_8xx.o)
                              ./src/sysinit.o (Chip_SystemInit)
/wrk3/pasilack/lpcxpresso_8.2.2_650/lpcxpresso/LPCXpresso/workspace/lpc_chip_8xx/Debug/liblpc_chip_8xx.a(irc_8xx.o)
                              /wrk3/pasilack/lpcxpresso_8.2.2_650/lpcxpresso/LPCXpresso/workspace/lpc_chip_8xx/Debug/liblpc_chip_8xx.a(sysinit_8xx.o) (Chip_IRC_SetFreq)
/wrk3/pasilack/lpcxpresso_8.2.2_650/lpcxpresso/LPCXpresso/workspace/lpc_chip_8xx/Debug/liblpc_chip_8xx.a(syscon_8xx.o)
                              /wrk3/pasilack/lpcxpresso_8.2.2_650/lpcxpresso/LPCXpresso/workspace/lpc_chip_8xx/Debug/liblpc_chip_8xx.a(sysinit_8xx.o) (Chip_SYSCTL_PowerDown)
/wrk3/pasilack/lpcxpresso_8.2.2_650/lpcxpresso/tools/bin/../lib/gcc/arm-none-eabi/5.4.1/armv6-m/libgcc.a(_udivsi3.o)
                              /wrk3/pasilack/lpcxpresso_8.2.2_650/lpcxpresso/LPCXpresso/workspace/lpc_chip_8xx/Debug/liblpc_chip_8xx.a(clock_8xx.o) (__aeabi_uidiv)
/wrk3/pasilack/lpcxpresso_8.2.2_650/lpcxpresso/tools/bin/../lib/gcc/arm-none-eabi/5.4.1/armv6-m/libgcc.a(_dvmd_tls.o)
                              /wrk3/pasilack/lpcxpresso_8.2.2_650/lpcxpresso/tools/bin/../lib/gcc/arm-none-eabi/5.4.1/armv6-m/libgcc.a(_udivsi3.o) (__aeabi_idiv0)
/wrk3/pasilack/lpcxpresso_8.2.2_650/lpcxpresso/tools/bin/../lib/gcc/arm-none-eabi/5.4.1/armv6-m/libgcc.a(_aeabi_uldivmod.o)
                              /wrk3/pasilack/lpcxpresso_8.2.2_650/lpcxpresso/LPCXpresso/workspace/lpc_chip_8xx/Debug/liblpc_chip_8xx.a(clock_8xx.o) (__aeabi_uldivmod)
/wrk3/pasilack/lpcxpresso_8.2.2_650/lpcxpresso/tools/bin/../lib/gcc/arm-none-eabi/5.4.1/armv6-m/libgcc.a(_udivmoddi4.o)
                              /wrk3/pasilack/lpcxpresso_8.2.2_650/lpcxpresso/tools/bin/../lib/gcc/arm-none-eabi/5.4.1/armv6-m/libgcc.a(_aeabi_uldivmod.o) (__udivmoddi4)
/wrk3/pasilack/lpcxpresso_8.2.2_650/lpcxpresso/tools/bin/../lib/gcc/arm-none-eabi/5.4.1/armv6-m/libgcc.a(_clzdi2.o)
                              /wrk3/pasilack/lpcxpresso_8.2.2_650/lpcxpresso/tools/bin/../lib/gcc/arm-none-eabi/5.4.1/armv6-m/libgcc.a(_udivmoddi4.o) (__clzdi2)
/wrk3/pasilack/lpcxpresso_8.2.2_650/lpcxpresso/tools/bin/../lib/gcc/arm-none-eabi/5.4.1/armv6-m/libgcc.a(_clzsi2.o)
                              /wrk3/pasilack/lpcxpresso_8.2.2_650/lpcxpresso/tools/bin/../lib/gcc/arm-none-eabi/5.4.1/armv6-m/libgcc.a(_clzdi2.o) (__clzsi2)
/wrk3/pasilack/lpcxpresso_8.2.2_650/lpcxpresso/tools/bin/../lib/gcc/arm-none-eabi/5.4.1/../../../../arm-none-eabi/lib/armv6-m/libc.a(lib_a-init.o)
                              ./src/cr_startup_lpc8xx.o (__libc_init_array)
/wrk3/pasilack/lpcxpresso_8.2.2_650/lpcxpresso/tools/bin/../lib/gcc/arm-none-eabi/5.4.1/../../../../arm-none-eabi/lib/armv6-m/libc.a(lib_a-malloc.o)
                              ./src/cr_cpp_config.o (malloc)
/wrk3/pasilack/lpcxpresso_8.2.2_650/lpcxpresso/tools/bin/../lib/gcc/arm-none-eabi/5.4.1/../../../../arm-none-eabi/lib/armv6-m/libc.a(lib_a-mallocr.o)
                              /wrk3/pasilack/lpcxpresso_8.2.2_650/lpcxpresso/tools/bin/../lib/gcc/arm-none-eabi/5.4.1/../../../../arm-none-eabi/lib/armv6-m/libc.a(lib_a-malloc.o) (_malloc_r)
/wrk3/pasilack/lpcxpresso_8.2.2_650/lpcxpresso/tools/bin/../lib/gcc/arm-none-eabi/5.4.1/../../../../arm-none-eabi/lib/armv6-m/libc.a(lib_a-mlock.o)
                              /wrk3/pasilack/lpcxpresso_8.2.2_650/lpcxpresso/tools/bin/../lib/gcc/arm-none-eabi/5.4.1/../../../../arm-none-eabi/lib/armv6-m/libc.a(lib_a-mallocr.o) (__malloc_lock)
/wrk3/pasilack/lpcxpresso_8.2.2_650/lpcxpresso/tools/bin/../lib/gcc/arm-none-eabi/5.4.1/../../../../arm-none-eabi/lib/armv6-m/libc.a(lib_a-sbrkr.o)
                              /wrk3/pasilack/lpcxpresso_8.2.2_650/lpcxpresso/tools/bin/../lib/gcc/arm-none-eabi/5.4.1/../../../../arm-none-eabi/lib/armv6-m/libc.a(lib_a-mallocr.o) (_sbrk_r)
/wrk3/pasilack/lpcxpresso_8.2.2_650/lpcxpresso/tools/bin/../lib/gcc/arm-none-eabi/5.4.1/../../../../arm-none-eabi/lib/armv6-m/libc.a(lib_a-freer.o)
                              /wrk3/pasilack/lpcxpresso_8.2.2_650/lpcxpresso/tools/bin/../lib/gcc/arm-none-eabi/5.4.1/../../../../arm-none-eabi/lib/armv6-m/libc.a(lib_a-malloc.o) (_free_r)
/wrk3/pasilack/lpcxpresso_8.2.2_650/lpcxpresso/tools/bin/../lib/gcc/arm-none-eabi/5.4.1/../../../../arm-none-eabi/lib/armv6-m/libc.a(lib_a-impure.o)
[...]
Memory Configuration

Name             Origin             Length             Attributes
MFlash16         0x00000000         0x00004000         xr
RamLoc4          0x10000000         0x00001000         xrw
*default*        0x00000000         0xffffffff

Linker script and memory map

LOAD ./src/Blinky_led.o
LOAD ./src/cr_cpp_config.o
LOAD ./src/cr_startup_lpc8xx.o
LOAD ./src/crp.o
LOAD ./src/mtb.o
LOAD ./src/sysinit.o
LOAD /wrk3/pasilack/lpcxpresso_8.2.2_650/lpcxpresso/LPCXpresso/workspace/lpc_chip_8xx/Debug/liblpc_chip_8xx.a
LOAD /wrk3/pasilack/lpcxpresso_8.2.2_650/lpcxpresso/LPCXpresso/workspace/CMSIS_DSPLIB_CM0/lib/libCMSIS_DSPLIB_CM0.a
START GROUP
LOAD /wrk3/pasilack/lpcxpresso_8.2.2_650/lpcxpresso/tools/bin/../lib/gcc/arm-none-eabi/5.4.1/armv6-m/libgcc.a
LOAD /wrk3/pasilack/lpcxpresso_8.2.2_650/lpcxpresso/tools/bin/../lib/gcc/arm-none-eabi/5.4.1/../../../../arm-none-eabi/lib/armv6-m/libc.a
LOAD /wrk3/pasilack/lpcxpresso_8.2.2_650/lpcxpresso/tools/bin/../lib/gcc/arm-none-eabi/5.4.1/../../../../arm-none-eabi/lib/armv6-m/libstdc++.a
LOAD /wrk3/pasilack/lpcxpresso_8.2.2_650/lpcxpresso/tools/bin/../lib/gcc/arm-none-eabi/5.4.1/../../../../arm-none-eabi/lib/armv6-m/libm.a
LOAD /wrk3/pasilack/lpcxpresso_8.2.2_650/lpcxpresso/tools/bin/../lib/gcc/arm-none-eabi/5.4.1/../../../../arm-none-eabi/lib/armv6-m/libcr_newlib_nohost.a
LOAD /wrk3/pasilack/lpcxpresso_8.2.2_650/lpcxpresso/tools/bin/../lib/gcc/arm-none-eabi/5.4.1/armv6-m/crti.o
LOAD /wrk3/pasilack/lpcxpresso_8.2.2_650/lpcxpresso/tools/bin/../lib/gcc/arm-none-eabi/5.4.1/armv6-m/crtn.o
LOAD /wrk3/pasilack/lpcxpresso_8.2.2_650/lpcxpresso/tools/bin/../lib/gcc/arm-none-eabi/5.4.1/armv6-m/crtbegin.o
LOAD /wrk3/pasilack/lpcxpresso_8.2.2_650/lpcxpresso/tools/bin/../lib/gcc/arm-none-eabi/5.4.1/armv6-m/crtend.o
END GROUP
                0x00000000                __base_MFlash16 = 0x0
                0x00000000                __base_Flash = 0x0
                0x00004000                __top_MFlash16 = 0x4000
                0x00004000                __top_Flash = 0x4000
                0x10000000                __base_RamLoc4 = 0x10000000
                0x10000000                __base_RAM = 0x10000000
                0x10001000                __top_RamLoc4 = 0x10001000
                0x10001000                __top_RAM = 0x10001000

.text           0x00000000      0xed4
 FILL mask 0xff
                0x00000000                __vectors_start__ = ABSOLUTE (.)
 *(.isr_vector)
 .isr_vector    0x00000000       0xc0 ./src/cr_startup_lpc8xx.o
                0x00000000                g_pfnVectors
                0x000000c0                . = ALIGN (0x4)
                0x000000c0                __section_table_start = .
                0x000000c0                __data_section_table = .
                0x000000c0        0x4 LONG 0xed4 LOADADDR (.data)
                0x000000c4        0x4 LONG 0x10000100 ADDR (.data)
                0x000000c8        0x4 LONG 0x0 SIZEOF (.data)
                0x000000cc                __data_section_table_end = .
                0x000000cc                __bss_section_table = .
                0x000000cc        0x4 LONG 0x10000100 ADDR (.bss)
                0x000000d0        0x4 LONG 0x28 SIZEOF (.bss)
                0x000000d4                __bss_section_table_end = .
                0x000000d4                __section_table_end = .
 *(.after_vectors*)
 .after_vectors
                0x000000d4      0x128 ./src/cr_startup_lpc8xx.o
                0x000000d4                data_init(unsigned int, unsigned int, unsigned int)
                0x00000114                bss_init(unsigned int, unsigned int)
                0x00000148                ResetISR
                0x000001cc                NMI_Handler
                0x000001d4                HardFault_Handler
                0x000001dc                SVC_Handler
                0x000001e4                PendSV_Handler
                0x000001ec                SysTick_Handler
                0x000001f4                CMP_IRQHandler
                0x000001f4                PININT7_IRQHandler
                0x000001f4                WKT_IRQHandler
                0x000001f4                PININT2_IRQHandler
                0x000001f4                PININT1_IRQHandler
                0x000001f4                MRT_IRQHandler
                0x000001f4                UART1_IRQHandler
                0x000001f4                UART0_IRQHandler
                0x000001f4                SPI1_IRQHandler
                0x000001f4                IntDefaultHandler
                0x000001f4                PININT3_IRQHandler
                0x000001f4                UART2_IRQHandler
                0x000001f4                PININT5_IRQHandler
                0x000001f4                PININT4_IRQHandler
                0x000001f4                PININT0_IRQHandler
                0x000001f4                BOD_IRQHandler
                0x000001f4                SCT_IRQHandler
                0x000001f4                I2C_IRQHandler
                0x000001f4                WDT_IRQHandler
                0x000001f4                PININT6_IRQHandler
                0x000001f4                SPI0_IRQHandler
                0x000002fc                . = 0x2fc
 *fill*         0x000001fc      0x100 ff
                0x000002fc                PROVIDE (__CRP_WORD_START__, .)
 *(.crp)
 .crp           0x000002fc        0x4 ./src/crp.o
                0x000002fc                CRP_WORD
                0x00000300                PROVIDE (__CRP_WORD_END__, .)
                0x00000001                ASSERT (! ((__CRP_WORD_START__ == __CRP_WORD_END__)), Linker CRP Enabled, but no CRP_WORD provided within application)
 *(.text*)
 .text._Z9GPIO_initi
                0x00000300       0x64 ./src/Blinky_led.o
                0x00000300                GPIO_init(int)
 .text._Z6led_oni
                0x00000364       0x3c ./src/Blinky_led.o
                0x00000364                led_on(int)
 .text._Z7led_offi
                0x000003a0       0x34 ./src/Blinky_led.o
                0x000003a0                led_off(int)
 .text._Z5delayv
                0x000003d4       0x3c ./src/Blinky_led.o
                0x000003d4                delay()
 .text.main     0x00000410       0x58 ./src/Blinky_led.o
                0x00000410                main
 .text.SystemInit
                0x00000468       0x10 ./src/sysinit.o
                0x00000468                SystemInit
 .text.SystemCoreClockUpdate
                0x00000478       0x18 /wrk3/pasilack/lpcxpresso_8.2.2_650/lpcxpresso/LPCXpresso/workspace/lpc_chip_8xx/Debug/liblpc_chip_8xx.a(chip_8xx.o)
                0x00000478                SystemCoreClockUpdate
 .text.Chip_Clock_GetMainOscRate
                0x00000490       0x14 /wrk3/pasilack/lpcxpresso_8.2.2_650/lpcxpresso/LPCXpresso/workspace/lpc_chip_8xx/Debug/liblpc_chip_8xx.a(clock_8xx.o)
 .text.Chip_Clock_GetIntOscRate
                0x000004a4       0x10 /wrk3/pasilack/lpcxpresso_8.2.2_650/lpcxpresso/LPCXpresso/workspace/lpc_chip_8xx/Debug/liblpc_chip_8xx.a(clock_8xx.o)
 .text.Chip_Clock_GetExtClockInRate
                0x000004b4       0x14 /wrk3/pasilack/lpcxpresso_8.2.2_650/lpcxpresso/LPCXpresso/workspace/lpc_chip_8xx/Debug/liblpc_chip_8xx.a(clock_8xx.o)
 .text.Chip_Clock_GetWDTLFORate
                0x000004c8       0x48 /wrk3/pasilack/lpcxpresso_8.2.2_650/lpcxpresso/LPCXpresso/workspace/lpc_chip_8xx/Debug/liblpc_chip_8xx.a(clock_8xx.o)
 .text.Chip_Clock_GetPLLFreq
                0x00000510       0x24 /wrk3/pasilack/lpcxpresso_8.2.2_650/lpcxpresso/LPCXpresso/workspace/lpc_chip_8xx/Debug/liblpc_chip_8xx.a(clock_8xx.o)
 .text.Chip_Clock_SetSystemPLLSource
                0x00000534       0x2c /wrk3/pasilack/lpcxpresso_8.2.2_650/lpcxpresso/LPCXpresso/workspace/lpc_chip_8xx/Debug/liblpc_chip_8xx.a(clock_8xx.o)
                0x00000534                Chip_Clock_SetSystemPLLSource
 .text.Chip_Clock_SetMainClockSource
                0x00000560       0x2c /wrk3/pasilack/lpcxpresso_8.2.2_650/lpcxpresso/LPCXpresso/workspace/lpc_chip_8xx/Debug/liblpc_chip_8xx.a(clock_8xx.o)
                0x00000560                Chip_Clock_SetMainClockSource
 .text.Chip_Clock_GetWDTOSCRate
                0x0000058c       0x20 /wrk3/pasilack/lpcxpresso_8.2.2_650/lpcxpresso/LPCXpresso/workspace/lpc_chip_8xx/Debug/liblpc_chip_8xx.a(clock_8xx.o)
                0x0000058c                Chip_Clock_GetWDTOSCRate
 .text.Chip_Clock_GetSystemPLLInClockRate
                0x000005ac       0x4c /wrk3/pasilack/lpcxpresso_8.2.2_650/lpcxpresso/LPCXpresso/workspace/lpc_chip_8xx/Debug/liblpc_chip_8xx.a(clock_8xx.o)
                0x000005ac                Chip_Clock_GetSystemPLLInClockRate
 .text.Chip_Clock_GetSystemPLLOutClockRate
                0x000005f8       0x28 /wrk3/pasilack/lpcxpresso_8.2.2_650/lpcxpresso/LPCXpresso/workspace/lpc_chip_8xx/Debug/liblpc_chip_8xx.a(clock_8xx.o)
                0x000005f8                Chip_Clock_GetSystemPLLOutClockRate
 .text.Chip_Clock_GetMainClockRate
                0x00000620       0x60 /wrk3/pasilack/lpcxpresso_8.2.2_650/lpcxpresso/LPCXpresso/workspace/lpc_chip_8xx/Debug/liblpc_chip_8xx.a(clock_8xx.o)
                0x00000620                Chip_Clock_GetMainClockRate
 .text.Chip_Clock_GetSystemClockRate
                0x00000680       0x24 /wrk3/pasilack/lpcxpresso_8.2.2_650/lpcxpresso/LPCXpresso/workspace/lpc_chip_8xx/Debug/liblpc_chip_8xx.a(clock_8xx.o)
                0x00000680                Chip_Clock_GetSystemClockRate
 .text.Chip_SetupIrcClocking
                0x000006a4       0x20 /wrk3/pasilack/lpcxpresso_8.2.2_650/lpcxpresso/LPCXpresso/workspace/lpc_chip_8xx/Debug/liblpc_chip_8xx.a(sysinit_8xx.o)
                0x000006a4                Chip_SetupIrcClocking
 .text.Chip_SystemInit
                0x000006c4       0x10 /wrk3/pasilack/lpcxpresso_8.2.2_650/lpcxpresso/LPCXpresso/workspace/lpc_chip_8xx/Debug/liblpc_chip_8xx.a(sysinit_8xx.o)
                0x000006c4                Chip_SystemInit
 .text.Chip_Clock_SetupSystemPLL
                0x000006d4       0x38 /wrk3/pasilack/lpcxpresso_8.2.2_650/lpcxpresso/LPCXpresso/workspace/lpc_chip_8xx/Debug/liblpc_chip_8xx.a(irc_8xx.o)
 .text.Chip_Clock_IsSystemPLLLocked
                0x0000070c       0x1c /wrk3/pasilack/lpcxpresso_8.2.2_650/lpcxpresso/LPCXpresso/workspace/lpc_chip_8xx/Debug/liblpc_chip_8xx.a(irc_8xx.o)
 .text.Chip_Clock_SetSysClockDiv
                0x00000728       0x1c /wrk3/pasilack/lpcxpresso_8.2.2_650/lpcxpresso/LPCXpresso/workspace/lpc_chip_8xx/Debug/liblpc_chip_8xx.a(irc_8xx.o)
 .text.Chip_FMC_SetFLASHAccess
                0x00000744       0x2c /wrk3/pasilack/lpcxpresso_8.2.2_650/lpcxpresso/LPCXpresso/workspace/lpc_chip_8xx/Debug/liblpc_chip_8xx.a(irc_8xx.o)
 .text.pll_config
                0x00000770       0x6c /wrk3/pasilack/lpcxpresso_8.2.2_650/lpcxpresso/LPCXpresso/workspace/lpc_chip_8xx/Debug/liblpc_chip_8xx.a(irc_8xx.o)
 .text.Chip_IRC_SetFreq
                0x000007dc       0xf4 /wrk3/pasilack/lpcxpresso_8.2.2_650/lpcxpresso/LPCXpresso/workspace/lpc_chip_8xx/Debug/liblpc_chip_8xx.a(irc_8xx.o)
                0x000007dc                Chip_IRC_SetFreq
 .text.Chip_SYSCTL_PowerDown
                0x000008d0       0x44 /wrk3/pasilack/lpcxpresso_8.2.2_650/lpcxpresso/LPCXpresso/workspace/lpc_chip_8xx/Debug/liblpc_chip_8xx.a(syscon_8xx.o)
                0x000008d0                Chip_SYSCTL_PowerDown
 .text.Chip_SYSCTL_PowerUp
                0x00000914       0x48 /wrk3/pasilack/lpcxpresso_8.2.2_650/lpcxpresso/LPCXpresso/workspace/lpc_chip_8xx/Debug/liblpc_chip_8xx.a(syscon_8xx.o)
                0x00000914                Chip_SYSCTL_PowerUp
 .text          0x0000095c      0x114 /wrk3/pasilack/lpcxpresso_8.2.2_650/lpcxpresso/tools/bin/../lib/gcc/arm-none-eabi/5.4.1/armv6-m/libgcc.a(_udivsi3.o)
                0x0000095c                __udivsi3
                0x0000095c                __aeabi_uidiv
                0x00000a68                __aeabi_uidivmod
 .text          0x00000a70        0x4 /wrk3/pasilack/lpcxpresso_8.2.2_650/lpcxpresso/tools/bin/../lib/gcc/arm-none-eabi/5.4.1/armv6-m/libgcc.a(_dvmd_tls.o)
                0x00000a70                __aeabi_ldiv0
                0x00000a70                __aeabi_idiv0
 .text.__libc_init_array
                0x00000a74       0x48 /wrk3/pasilack/lpcxpresso_8.2.2_650/lpcxpresso/tools/bin/../lib/gcc/arm-none-eabi/5.4.1/../../../../arm-none-eabi/lib/armv6-m/libc.a(lib_a-init.o)
                0x00000a74                __libc_init_array
 .text          0x00000abc       0x60 /wrk3/pasilack/lpcxpresso_8.2.2_650/lpcxpresso/tools/bin/../lib/gcc/arm-none-eabi/5.4.1/armv6-m/crtbegin.o
 *(.rodata .rodata.* .constdata .constdata.*)
 .rodata.OscRateIn
                0x00000b1c        0x4 ./src/sysinit.o
                0x00000b1c                OscRateIn
 .rodata.ExtRateIn
                0x00000b20        0x4 ./src/sysinit.o
                0x00000b20                ExtRateIn
 .rodata.wdtOSCRate
                0x00000b24       0x40 /wrk3/pasilack/lpcxpresso_8.2.2_650/lpcxpresso/LPCXpresso/workspace/lpc_chip_8xx/Debug/liblpc_chip_8xx.a(clock_8xx.o)
 .rodata.config_tab
                0x00000b64      0x354 /wrk3/pasilack/lpcxpresso_8.2.2_650/lpcxpresso/LPCXpresso/workspace/lpc_chip_8xx/Debug/liblpc_chip_8xx.a(irc_8xx.o)
                0x00000eb8                . = ALIGN (0x4)
                0x00000eb8                . = ALIGN (0x4)
 *(.init)
 .init          0x00000eb8        0x4 /wrk3/pasilack/lpcxpresso_8.2.2_650/lpcxpresso/tools/bin/../lib/gcc/arm-none-eabi/5.4.1/armv6-m/crti.o
                0x00000eb8                _init
 .init          0x00000ebc        0x8 /wrk3/pasilack/lpcxpresso_8.2.2_650/lpcxpresso/tools/bin/../lib/gcc/arm-none-eabi/5.4.1/armv6-m/crtn.o
                0x00000ec4                . = ALIGN (0x4)
                0x00000ec4                __preinit_array_start = .
 *(.preinit_array)
                0x00000ec4                __preinit_array_end = .
                0x00000ec4                . = ALIGN (0x4)
                0x00000ec4                __init_array_start = .
 *(SORT(.init_array.*))
 *(.init_array)
 .init_array    0x00000ec4        0x4 /wrk3/pasilack/lpcxpresso_8.2.2_650/lpcxpresso/tools/bin/../lib/gcc/arm-none-eabi/5.4.1/armv6-m/crtbegin.o
                0x00000ec8                __init_array_end = .
 *(.fini)
 .fini          0x00000ec8        0x4 /wrk3/pasilack/lpcxpresso_8.2.2_650/lpcxpresso/tools/bin/../lib/gcc/arm-none-eabi/5.4.1/armv6-m/crti.o
                0x00000ec8                _fini
 .fini          0x00000ecc        0x8 /wrk3/pasilack/lpcxpresso_8.2.2_650/lpcxpresso/tools/bin/../lib/gcc/arm-none-eabi/5.4.1/armv6-m/crtn.o
                0x00000ed4                . = ALIGN (0x4)
 *crtbegin.o(.ctors)
 *(EXCLUDE_FILE(*crtend.o) .ctors)
 *(SORT(.ctors.*))
 *crtend.o(.ctors)
                0x00000ed4                . = ALIGN (0x4)
 *crtbegin.o(.dtors)
 *(EXCLUDE_FILE(*crtend.o) .dtors)
 *(SORT(.dtors.*))
 *crtend.o(.dtors)
                0x00000ed4                . = ALIGN (0x4)

.glue_7         0x00000ed4        0x0
 .glue_7        0x00000ed4        0x0 linker stubs

.glue_7t        0x00000ed4        0x0
 .glue_7t       0x00000ed4        0x0 linker stubs

.vfp11_veneer   0x00000ed4        0x0
 .vfp11_veneer  0x00000ed4        0x0 linker stubs

.v4_bx          0x00000ed4        0x0
 .v4_bx         0x00000ed4        0x0 linker stubs

.iplt           0x00000ed4        0x0
 .iplt          0x00000ed4        0x0 ./src/Blinky_led.o

.rel.dyn        0x00000ed4        0x0
 .rel.iplt      0x00000ed4        0x0 ./src/Blinky_led.o

.eh_frame       0x00000ed4        0x0
 .eh_frame      0x00000ed4        0x0 /wrk3/pasilack/lpcxpresso_8.2.2_650/lpcxpresso/tools/bin/../lib/gcc/arm-none-eabi/5.4.1/armv6-m/crtbegin.o

.ARM.extab
 *(.ARM.extab* .gnu.linkonce.armextab.*)
                0x00000ed4                __exidx_start = .

.ARM.exidx
 *(.ARM.exidx* .gnu.linkonce.armexidx.*)
                0x00000ed4                __exidx_end = .
                0x00000ed4                _etext = .

.mtb_buffer_default
                0x10000000      0x100
 *(.mtb*)
 .mtb.$RAM1     0x10000000      0x100 ./src/mtb.o
                0x10000000                __mtb_buffer__

.uninit_RESERVED
                0x10000100        0x0
 *(.bss.$RESERVED*)
                0x10000100                . = ALIGN (0x4)
                0x10000100                _end_uninit_RESERVED = .

.data           0x10000100        0x0 load address 0x00000ed4
 FILL mask 0xff
                0x10000100                _data = .
 *(vtable)
 *(.ramfunc*)
 *(.data*)
                0x10000100                . = ALIGN (0x4)
                0x10000100                _edata = .

.igot.plt       0x10000100        0x0 load address 0x00000ed4
 .igot.plt      0x10000100        0x0 ./src/Blinky_led.o

.jcr            0x10000100        0x0 load address 0x00000ed4
 .jcr           0x10000100        0x0 /wrk3/pasilack/lpcxpresso_8.2.2_650/lpcxpresso/tools/bin/../lib/gcc/arm-none-eabi/5.4.1/armv6-m/crtbegin.o

.bss            0x10000100       0x28 load address 0x00000ed4
                0x10000100                _bss = .
 *(.bss*)
 .bss._ZZ5delayvE1i
                0x10000100        0x4 ./src/Blinky_led.o
 .bss.config_tab_idx
                0x10000104        0x2 /wrk3/pasilack/lpcxpresso_8.2.2_650/lpcxpresso/LPCXpresso/workspace/lpc_chip_8xx/Debug/liblpc_chip_8xx.a(irc_8xx.o)
 *fill*         0x10000106        0x2 
 .bss           0x10000108       0x1c /wrk3/pasilack/lpcxpresso_8.2.2_650/lpcxpresso/tools/bin/../lib/gcc/arm-none-eabi/5.4.1/armv6-m/crtbegin.o
 *(COMMON)
 COMMON         0x10000124        0x4 /wrk3/pasilack/lpcxpresso_8.2.2_650/lpcxpresso/LPCXpresso/workspace/lpc_chip_8xx/Debug/liblpc_chip_8xx.a(chip_8xx.o)
                0x10000124                SystemCoreClock
                0x10000128                . = ALIGN (0x4)
                0x10000128                _ebss = .
                [!provide]                PROVIDE (end, .)

.noinit         0x10000128        0x0 load address 0x00000ed4
                0x10000128                _noinit = .
 *(.noinit*)
                0x10000128                . = ALIGN (0x4)
                0x10000128                _end_noinit = .
                0x10000128                PROVIDE (_pvHeapStart, DEFINED (__user_heap_base)?__user_heap_base:.)
                0x10001000                PROVIDE (_vStackTop, DEFINED (__user_stack_top)?__user_stack_top:(__top_RamLoc4 - 0x0))
                0xefffeb15                PROVIDE (__valid_user_code_checksum, (0x0 - (((_vStackTop + (ResetISR + 0x1)) + (DEFINED (NMI_Handler)?NMI_Handler:M0_NMI_Handler + 0x1)) + (DEFINED (HardFault_Handler)?HardFault_Handler:M0_HardFault_Handler + 0x1))))
OUTPUT(Blinky.axf elf32-littlearm)

.debug_info     0x00000000     0x2a91
 .debug_info    0x00000000      0x30d ./src/Blinky_led.o
 .debug_info    0x0000030d      0x20b ./src/cr_startup_lpc8xx.o
 .debug_info    0x00000518       0x3f ./src/crp.o
 .debug_info    0x00000557       0x51 ./src/mtb.o
 .debug_info    0x000005a8       0xd3 ./src/sysinit.o
 .debug_info    0x0000067b       0xcd /wrk3/pasilack/lpcxpresso_8.2.2_650/lpcxpresso/LPCXpresso/workspace/lpc_chip_8xx/Debug/liblpc_chip_8xx.a(chip_8xx.o)
 .debug_info    0x00000748      0xa81 /wrk3/pasilack/lpcxpresso_8.2.2_650/lpcxpresso/LPCXpresso/workspace/lpc_chip_8xx/Debug/liblpc_chip_8xx.a(clock_8xx.o)
 .debug_info    0x000011c9      0x5ea /wrk3/pasilack/lpcxpresso_8.2.2_650/lpcxpresso/LPCXpresso/workspace/lpc_chip_8xx/Debug/liblpc_chip_8xx.a(sysinit_8xx.o)
 .debug_info    0x000017b3      0xe4f /wrk3/pasilack/lpcxpresso_8.2.2_650/lpcxpresso/LPCXpresso/workspace/lpc_chip_8xx/Debug/liblpc_chip_8xx.a(irc_8xx.o)
 .debug_info    0x00002602      0x48f /wrk3/pasilack/lpcxpresso_8.2.2_650/lpcxpresso/LPCXpresso/workspace/lpc_chip_8xx/Debug/liblpc_chip_8xx.a(syscon_8xx.o)

.debug_abbrev   0x00000000      0x9b8
 .debug_abbrev  0x00000000      0x106 ./src/Blinky_led.o
 .debug_abbrev  0x00000106       0xe0 ./src/cr_startup_lpc8xx.o
 .debug_abbrev  0x000001e6       0x36 ./src/crp.o
 .debug_abbrev  0x0000021c       0x41 ./src/mtb.o
 .debug_abbrev  0x0000025d       0x6a ./src/sysinit.o
 .debug_abbrev  0x000002c7       0x7b /wrk3/pasilack/lpcxpresso_8.2.2_650/lpcxpresso/LPCXpresso/workspace/lpc_chip_8xx/Debug/liblpc_chip_8xx.a(chip_8xx.o)
 .debug_abbrev  0x00000342      0x272 /wrk3/pasilack/lpcxpresso_8.2.2_650/lpcxpresso/LPCXpresso/workspace/lpc_chip_8xx/Debug/liblpc_chip_8xx.a(clock_8xx.o)
 .debug_abbrev  0x000005b4      0x141 /wrk3/pasilack/lpcxpresso_8.2.2_650/lpcxpresso/LPCXpresso/workspace/lpc_chip_8xx/Debug/liblpc_chip_8xx.a(sysinit_8xx.o)
 .debug_abbrev  0x000006f5      0x1f5 /wrk3/pasilack/lpcxpresso_8.2.2_650/lpcxpresso/LPCXpresso/workspace/lpc_chip_8xx/Debug/liblpc_chip_8xx.a(irc_8xx.o)
 .debug_abbrev  0x000008ea       0xce /wrk3/pasilack/lpcxpresso_8.2.2_650/lpcxpresso/LPCXpresso/workspace/lpc_chip_8xx/Debug/liblpc_chip_8xx.a(syscon_8xx.o)

.debug_aranges  0x00000000      0x2e0
 .debug_aranges
                0x00000000       0x40 ./src/Blinky_led.o
 .debug_aranges
                0x00000040       0x60 ./src/cr_startup_lpc8xx.o
 .debug_aranges
                0x000000a0       0x18 ./src/crp.o
 .debug_aranges
                0x000000b8       0x18 ./src/mtb.o
 .debug_aranges
                0x000000d0       0x20 ./src/sysinit.o
 .debug_aranges
                0x000000f0       0x20 /wrk3/pasilack/lpcxpresso_8.2.2_650/lpcxpresso/LPCXpresso/workspace/lpc_chip_8xx/Debug/liblpc_chip_8xx.a(chip_8xx.o)
 .debug_aranges
                0x00000110       0xf0 /wrk3/pasilack/lpcxpresso_8.2.2_650/lpcxpresso/LPCXpresso/workspace/lpc_chip_8xx/Debug/liblpc_chip_8xx.a(clock_8xx.o)
 .debug_aranges
                0x00000200       0x50 /wrk3/pasilack/lpcxpresso_8.2.2_650/lpcxpresso/LPCXpresso/workspace/lpc_chip_8xx/Debug/liblpc_chip_8xx.a(sysinit_8xx.o)
 .debug_aranges
                0x00000250       0x58 /wrk3/pasilack/lpcxpresso_8.2.2_650/lpcxpresso/LPCXpresso/workspace/lpc_chip_8xx/Debug/liblpc_chip_8xx.a(irc_8xx.o)
 .debug_aranges
                0x000002a8       0x38 /wrk3/pasilack/lpcxpresso_8.2.2_650/lpcxpresso/LPCXpresso/workspace/lpc_chip_8xx/Debug/liblpc_chip_8xx.a(syscon_8xx.o)

.debug_ranges   0x00000000      0x230
 .debug_ranges  0x00000000       0x30 ./src/Blinky_led.o
 .debug_ranges  0x00000030       0x50 ./src/cr_startup_lpc8xx.o
 .debug_ranges  0x00000080       0x10 ./src/sysinit.o
 .debug_ranges  0x00000090       0x10 /wrk3/pasilack/lpcxpresso_8.2.2_650/lpcxpresso/LPCXpresso/workspace/lpc_chip_8xx/Debug/liblpc_chip_8xx.a(chip_8xx.o)
 .debug_ranges  0x000000a0       0xe0 /wrk3/pasilack/lpcxpresso_8.2.2_650/lpcxpresso/LPCXpresso/workspace/lpc_chip_8xx/Debug/liblpc_chip_8xx.a(clock_8xx.o)
 .debug_ranges  0x00000180       0x40 /wrk3/pasilack/lpcxpresso_8.2.2_650/lpcxpresso/LPCXpresso/workspace/lpc_chip_8xx/Debug/liblpc_chip_8xx.a(sysinit_8xx.o)
 .debug_ranges  0x000001c0       0x48 /wrk3/pasilack/lpcxpresso_8.2.2_650/lpcxpresso/LPCXpresso/workspace/lpc_chip_8xx/Debug/liblpc_chip_8xx.a(irc_8xx.o)
 .debug_ranges  0x00000208       0x28 /wrk3/pasilack/lpcxpresso_8.2.2_650/lpcxpresso/LPCXpresso/workspace/lpc_chip_8xx/Debug/liblpc_chip_8xx.a(syscon_8xx.o)

.debug_macro    0x00000000     0x49cd
 .debug_macro   0x00000000      0x222 ./src/Blinky_led.o
 .debug_macro   0x00000222      0x86e ./src/Blinky_led.o
 .debug_macro   0x00000a90       0x22 ./src/Blinky_led.o
 .debug_macro   0x00000ab2       0x87 ./src/Blinky_led.o
 .debug_macro   0x00000b39       0x44 ./src/Blinky_led.o
 .debug_macro   0x00000b7d       0xfd ./src/Blinky_led.o
 .debug_macro   0x00000c7a       0x5e ./src/Blinky_led.o
 .debug_macro   0x00000cd8      0x1df ./src/Blinky_led.o
 .debug_macro   0x00000eb7       0x28 ./src/Blinky_led.o
 .debug_macro   0x00000edf       0x7b ./src/Blinky_led.o
 .debug_macro   0x00000f5a       0x10 ./src/Blinky_led.o
 .debug_macro   0x00000f6a       0x28 ./src/Blinky_led.o
 .debug_macro   0x00000f92       0x3a ./src/Blinky_led.o
 .debug_macro   0x00000fcc       0x1f ./src/Blinky_led.o
 .debug_macro   0x00000feb      0x250 ./src/Blinky_led.o
 .debug_macro   0x0000123b      0x145 ./src/Blinky_led.o
 .debug_macro   0x00001380       0xca ./src/Blinky_led.o
 .debug_macro   0x0000144a       0x6a ./src/Blinky_led.o
 .debug_macro   0x000014b4       0x70 ./src/Blinky_led.o
 .debug_macro   0x00001524       0x28 ./src/Blinky_led.o
 .debug_macro   0x0000154c      0x190 ./src/Blinky_led.o
 .debug_macro   0x000016dc       0x24 ./src/Blinky_led.o
 .debug_macro   0x00001700       0x64 ./src/Blinky_led.o
 .debug_macro   0x00001764       0x10 ./src/Blinky_led.o
 .debug_macro   0x00001774       0x22 ./src/Blinky_led.o
 .debug_macro   0x00001796       0xb2 ./src/Blinky_led.o
 .debug_macro   0x00001848       0x58 ./src/Blinky_led.o
 .debug_macro   0x000018a0       0x58 ./src/Blinky_led.o
 .debug_macro   0x000018f8       0x6a ./src/Blinky_led.o
 .debug_macro   0x00001962       0x82 ./src/Blinky_led.o
 .debug_macro   0x000019e4       0x16 ./src/Blinky_led.o
 .debug_macro   0x000019fa      0x131 ./src/Blinky_led.o
 .debug_macro   0x00001b2b       0x22 ./src/Blinky_led.o
 .debug_macro   0x00001b4d       0x52 ./src/Blinky_led.o
 .debug_macro   0x00001b9f      0x181 ./src/Blinky_led.o
 .debug_macro   0x00001d20      0x289 ./src/Blinky_led.o
 .debug_macro   0x00001fa9      0x28b ./src/Blinky_led.o
 .debug_macro   0x00002234       0x2e ./src/Blinky_led.o
 .debug_macro   0x00002262       0x22 ./src/Blinky_led.o
 .debug_macro   0x00002284       0x82 ./src/Blinky_led.o
 .debug_macro   0x00002306       0x1d ./src/cr_startup_lpc8xx.o
 .debug_macro   0x00002323       0x1a ./src/crp.o
 .debug_macro   0x0000233d      0x856 ./src/crp.o
 .debug_macro   0x00002b93       0x34 ./src/crp.o
 .debug_macro   0x00002bc7       0x29 ./src/mtb.o
 .debug_macro   0x00002bf0       0x10 ./src/mtb.o
 .debug_macro   0x00002c00      0x207 ./src/sysinit.o
 .debug_macro   0x00002e07       0x87 ./src/sysinit.o
 .debug_macro   0x00002e8e       0x22 ./src/sysinit.o
 .debug_macro   0x00002eb0      0x250 ./src/sysinit.o
 .debug_macro   0x00003100      0x1e0 /wrk3/pasilack/lpcxpresso_8.2.2_650/lpcxpresso/LPCXpresso/workspace/lpc_chip_8xx/Debug/liblpc_chip_8xx.a(chip_8xx.o)
 .debug_macro   0x000032e0      0x838 /wrk3/pasilack/lpcxpresso_8.2.2_650/lpcxpresso/LPCXpresso/workspace/lpc_chip_8xx/Debug/liblpc_chip_8xx.a(chip_8xx.o)
 .debug_macro   0x00003b18       0x10 /wrk3/pasilack/lpcxpresso_8.2.2_650/lpcxpresso/LPCXpresso/workspace/lpc_chip_8xx/Debug/liblpc_chip_8xx.a(chip_8xx.o)
 .debug_macro   0x00003b28      0x12d /wrk3/pasilack/lpcxpresso_8.2.2_650/lpcxpresso/LPCXpresso/workspace/lpc_chip_8xx/Debug/liblpc_chip_8xx.a(chip_8xx.o)
 .debug_macro   0x00003c55      0x5b2 /wrk3/pasilack/lpcxpresso_8.2.2_650/lpcxpresso/LPCXpresso/workspace/lpc_chip_8xx/Debug/liblpc_chip_8xx.a(chip_8xx.o)
 .debug_macro   0x00004207       0x22 /wrk3/pasilack/lpcxpresso_8.2.2_650/lpcxpresso/LPCXpresso/workspace/lpc_chip_8xx/Debug/liblpc_chip_8xx.a(chip_8xx.o)
 .debug_macro   0x00004229      0x1e0 /wrk3/pasilack/lpcxpresso_8.2.2_650/lpcxpresso/LPCXpresso/workspace/lpc_chip_8xx/Debug/liblpc_chip_8xx.a(clock_8xx.o)
 .debug_macro   0x00004409      0x1ec /wrk3/pasilack/lpcxpresso_8.2.2_650/lpcxpresso/LPCXpresso/workspace/lpc_chip_8xx/Debug/liblpc_chip_8xx.a(sysinit_8xx.o)
 .debug_macro   0x000045f5      0x1e0 /wrk3/pasilack/lpcxpresso_8.2.2_650/lpcxpresso/LPCXpresso/workspace/lpc_chip_8xx/Debug/liblpc_chip_8xx.a(irc_8xx.o)
 .debug_macro   0x000047d5      0x1f8 /wrk3/pasilack/lpcxpresso_8.2.2_650/lpcxpresso/LPCXpresso/workspace/lpc_chip_8xx/Debug/liblpc_chip_8xx.a(syscon_8xx.o)

.debug_line     0x00000000     0x21b9
 .debug_line    0x00000000      0x540 ./src/Blinky_led.o
 .debug_line    0x00000540       0xb8 ./src/cr_startup_lpc8xx.o
 .debug_line    0x000005f8       0x85 ./src/crp.o
 .debug_line    0x0000067d       0xa2 ./src/mtb.o
 .debug_line    0x0000071f      0x485 ./src/sysinit.o
 .debug_line    0x00000ba4      0x3a5 /wrk3/pasilack/lpcxpresso_8.2.2_650/lpcxpresso/LPCXpresso/workspace/lpc_chip_8xx/Debug/liblpc_chip_8xx.a(chip_8xx.o)
 .debug_line    0x00000f49      0x5f4 /wrk3/pasilack/lpcxpresso_8.2.2_650/lpcxpresso/LPCXpresso/workspace/lpc_chip_8xx/Debug/liblpc_chip_8xx.a(clock_8xx.o)
 .debug_line    0x0000153d      0x42d /wrk3/pasilack/lpcxpresso_8.2.2_650/lpcxpresso/LPCXpresso/workspace/lpc_chip_8xx/Debug/liblpc_chip_8xx.a(sysinit_8xx.o)
 .debug_line    0x0000196a      0x46d /wrk3/pasilack/lpcxpresso_8.2.2_650/lpcxpresso/LPCXpresso/workspace/lpc_chip_8xx/Debug/liblpc_chip_8xx.a(irc_8xx.o)
 .debug_line    0x00001dd7      0x3e2 /wrk3/pasilack/lpcxpresso_8.2.2_650/lpcxpresso/LPCXpresso/workspace/lpc_chip_8xx/Debug/liblpc_chip_8xx.a(syscon_8xx.o)

.debug_str      0x00000000     0xc831
 .debug_str     0x00000000     0x95c9 ./src/Blinky_led.o
                               0x9762 (size before relaxing)
 .debug_str     0x000095c9      0x197 ./src/cr_startup_lpc8xx.o
                               0x25d3 (size before relaxing)
 .debug_str     0x00009760      0x2bc ./src/crp.o
                               0x24b7 (size before relaxing)
 .debug_str     0x00009a1c       0xd0 ./src/mtb.o
                               0x28e8 (size before relaxing)
 .debug_str     0x00009aec       0x53 ./src/sysinit.o
                               0x91ea (size before relaxing)
 .debug_str     0x00009b3f     0x1838 /wrk3/pasilack/lpcxpresso_8.2.2_650/lpcxpresso/LPCXpresso/workspace/lpc_chip_8xx/Debug/liblpc_chip_8xx.a(chip_8xx.o)
                               0x9a5b (size before relaxing)
 .debug_str     0x0000b377      0x9e0 /wrk3/pasilack/lpcxpresso_8.2.2_650/lpcxpresso/LPCXpresso/workspace/lpc_chip_8xx/Debug/liblpc_chip_8xx.a(clock_8xx.o)
                               0xa427 (size before relaxing)
 .debug_str     0x0000bd57      0x161 /wrk3/pasilack/lpcxpresso_8.2.2_650/lpcxpresso/LPCXpresso/workspace/lpc_chip_8xx/Debug/liblpc_chip_8xx.a(sysinit_8xx.o)
                               0x9e8f (size before relaxing)
 .debug_str     0x0000beb8      0x865 /wrk3/pasilack/lpcxpresso_8.2.2_650/lpcxpresso/LPCXpresso/workspace/lpc_chip_8xx/Debug/liblpc_chip_8xx.a(irc_8xx.o)
                               0xa69b (size before relaxing)
 .debug_str     0x0000c71d      0x114 /wrk3/pasilack/lpcxpresso_8.2.2_650/lpcxpresso/LPCXpresso/workspace/lpc_chip_8xx/Debug/liblpc_chip_8xx.a(syscon_8xx.o)
                               0x9d4b (size before relaxing)

.comment        0x00000000       0x6e
 .comment       0x00000000       0x6e ./src/Blinky_led.o
                                 0x6f (size before relaxing)
 .comment       0x0000006e       0x6f ./src/cr_startup_lpc8xx.o
 .comment       0x0000006e       0x6f ./src/crp.o
 .comment       0x0000006e       0x6f ./src/mtb.o
 .comment       0x0000006e       0x6f ./src/sysinit.o
 .comment       0x0000006e       0x6f /wrk3/pasilack/lpcxpresso_8.2.2_650/lpcxpresso/LPCXpresso/workspace/lpc_chip_8xx/Debug/liblpc_chip_8xx.a(chip_8xx.o)
 .comment       0x0000006e       0x6f /wrk3/pasilack/lpcxpresso_8.2.2_650/lpcxpresso/LPCXpresso/workspace/lpc_chip_8xx/Debug/liblpc_chip_8xx.a(clock_8xx.o)
 .comment       0x0000006e       0x6f /wrk3/pasilack/lpcxpresso_8.2.2_650/lpcxpresso/LPCXpresso/workspace/lpc_chip_8xx/Debug/liblpc_chip_8xx.a(sysinit_8xx.o)
 .comment       0x0000006e       0x6f /wrk3/pasilack/lpcxpresso_8.2.2_650/lpcxpresso/LPCXpresso/workspace/lpc_chip_8xx/Debug/liblpc_chip_8xx.a(irc_8xx.o)
 .comment       0x0000006e       0x6f /wrk3/pasilack/lpcxpresso_8.2.2_650/lpcxpresso/LPCXpresso/workspace/lpc_chip_8xx/Debug/liblpc_chip_8xx.a(syscon_8xx.o)

.ARM.attributes
                0x00000000       0x31
 .ARM.attributes
                0x00000000       0x31 ./src/Blinky_led.o
 .ARM.attributes
                0x00000031       0x31 ./src/cr_startup_lpc8xx.o
 .ARM.attributes
                0x00000062       0x31 ./src/crp.o
 .ARM.attributes
                0x00000093       0x31 ./src/mtb.o
 .ARM.attributes
                0x000000c4       0x31 ./src/sysinit.o
 .ARM.attributes
                0x000000f5       0x31 /wrk3/pasilack/lpcxpresso_8.2.2_650/lpcxpresso/LPCXpresso/workspace/lpc_chip_8xx/Debug/liblpc_chip_8xx.a(chip_8xx.o)
 .ARM.attributes
                0x00000126       0x31 /wrk3/pasilack/lpcxpresso_8.2.2_650/lpcxpresso/LPCXpresso/workspace/lpc_chip_8xx/Debug/liblpc_chip_8xx.a(clock_8xx.o)
 .ARM.attributes
                0x00000157       0x31 /wrk3/pasilack/lpcxpresso_8.2.2_650/lpcxpresso/LPCXpresso/workspace/lpc_chip_8xx/Debug/liblpc_chip_8xx.a(sysinit_8xx.o)
 .ARM.attributes
                0x00000188       0x31 /wrk3/pasilack/lpcxpresso_8.2.2_650/lpcxpresso/LPCXpresso/workspace/lpc_chip_8xx/Debug/liblpc_chip_8xx.a(irc_8xx.o)
 .ARM.attributes
                0x000001b9       0x31 /wrk3/pasilack/lpcxpresso_8.2.2_650/lpcxpresso/LPCXpresso/workspace/lpc_chip_8xx/Debug/liblpc_chip_8xx.a(syscon_8xx.o)
 .ARM.attributes
                0x000001ea       0x1e /wrk3/pasilack/lpcxpresso_8.2.2_650/lpcxpresso/tools/bin/../lib/gcc/arm-none-eabi/5.4.1/armv6-m/libgcc.a(_udivsi3.o)
 .ARM.attributes
                0x00000208       0x1e /wrk3/pasilack/lpcxpresso_8.2.2_650/lpcxpresso/tools/bin/../lib/gcc/arm-none-eabi/5.4.1/armv6-m/libgcc.a(_dvmd_tls.o)
 .ARM.attributes
                0x00000226       0x2c /wrk3/pasilack/lpcxpresso_8.2.2_650/lpcxpresso/tools/bin/../lib/gcc/arm-none-eabi/5.4.1/../../../../arm-none-eabi/lib/armv6-m/libc.a(lib_a-init.o)
 .ARM.attributes
                0x00000252       0x1e /wrk3/pasilack/lpcxpresso_8.2.2_650/lpcxpresso/tools/bin/../lib/gcc/arm-none-eabi/5.4.1/armv6-m/crti.o
 .ARM.attributes
                0x00000270       0x1e /wrk3/pasilack/lpcxpresso_8.2.2_650/lpcxpresso/tools/bin/../lib/gcc/arm-none-eabi/5.4.1/armv6-m/crtn.o
 .ARM.attributes
                0x0000028e       0x2c /wrk3/pasilack/lpcxpresso_8.2.2_650/lpcxpresso/tools/bin/../lib/gcc/arm-none-eabi/5.4.1/armv6-m/crtbegin.o

.debug_frame    0x00000000      0x830
 .debug_frame   0x00000000       0xa8 ./src/Blinky_led.o
 .debug_frame   0x000000a8      0x118 ./src/cr_startup_lpc8xx.o
 .debug_frame   0x000001c0       0x2c ./src/sysinit.o
 .debug_frame   0x000001ec       0x2c /wrk3/pasilack/lpcxpresso_8.2.2_650/lpcxpresso/LPCXpresso/workspace/lpc_chip_8xx/Debug/liblpc_chip_8xx.a(chip_8xx.o)
 .debug_frame   0x00000218      0x354 /wrk3/pasilack/lpcxpresso_8.2.2_650/lpcxpresso/LPCXpresso/workspace/lpc_chip_8xx/Debug/liblpc_chip_8xx.a(clock_8xx.o)
 .debug_frame   0x0000056c       0xe0 /wrk3/pasilack/lpcxpresso_8.2.2_650/lpcxpresso/LPCXpresso/workspace/lpc_chip_8xx/Debug/liblpc_chip_8xx.a(sysinit_8xx.o)
 .debug_frame   0x0000064c      0x108 /wrk3/pasilack/lpcxpresso_8.2.2_650/lpcxpresso/LPCXpresso/workspace/lpc_chip_8xx/Debug/liblpc_chip_8xx.a(irc_8xx.o)
 .debug_frame   0x00000754       0x90 /wrk3/pasilack/lpcxpresso_8.2.2_650/lpcxpresso/LPCXpresso/workspace/lpc_chip_8xx/Debug/liblpc_chip_8xx.a(syscon_8xx.o)
 .debug_frame   0x000007e4       0x20 /wrk3/pasilack/lpcxpresso_8.2.2_650/lpcxpresso/tools/bin/../lib/gcc/arm-none-eabi/5.4.1/armv6-m/libgcc.a(_udivsi3.o)
 .debug_frame   0x00000804       0x2c /wrk3/pasilack/lpcxpresso_8.2.2_650/lpcxpresso/tools/bin/../lib/gcc/arm-none-eabi/5.4.1/../../../../arm-none-eabi/lib/armv6-m/libc.a(lib_a-init.o)
