Archive member included to satisfy reference by file (symbol)

/Users/odieste/Desktop/Dropbox/Shared/Natalia and others -- FIDIPRO/Experiments/TDD/Training materials/OY Fall 2016 (Testable design)/workspace/lpc_chip_8xx/Debug/liblpc_chip_8xx.a(chip_8xx.o)
                              ./src/Blinky_led_uart.o (SystemCoreClockUpdate)
/Users/odieste/Desktop/Dropbox/Shared/Natalia and others -- FIDIPRO/Experiments/TDD/Training materials/OY Fall 2016 (Testable design)/workspace/lpc_chip_8xx/Debug/liblpc_chip_8xx.a(clock_8xx.o)
                              ./src/Blinky_led_uart.o (Chip_Clock_GetMainClockRate)
/Users/odieste/Desktop/Dropbox/Shared/Natalia and others -- FIDIPRO/Experiments/TDD/Training materials/OY Fall 2016 (Testable design)/workspace/lpc_chip_8xx/Debug/liblpc_chip_8xx.a(sysinit_8xx.o)
                              ./src/sysinit.o (Chip_SystemInit)
/Users/odieste/Desktop/Dropbox/Shared/Natalia and others -- FIDIPRO/Experiments/TDD/Training materials/OY Fall 2016 (Testable design)/workspace/lpc_chip_8xx/Debug/liblpc_chip_8xx.a(irc_8xx.o)
                              /Users/odieste/Desktop/Dropbox/Shared/Natalia and others -- FIDIPRO/Experiments/TDD/Training materials/OY Fall 2016 (Testable design)/workspace/lpc_chip_8xx/Debug/liblpc_chip_8xx.a(sysinit_8xx.o) (Chip_IRC_SetFreq)
/Users/odieste/Desktop/Dropbox/Shared/Natalia and others -- FIDIPRO/Experiments/TDD/Training materials/OY Fall 2016 (Testable design)/workspace/lpc_chip_8xx/Debug/liblpc_chip_8xx.a(syscon_8xx.o)
                              /Users/odieste/Desktop/Dropbox/Shared/Natalia and others -- FIDIPRO/Experiments/TDD/Training materials/OY Fall 2016 (Testable design)/workspace/lpc_chip_8xx/Debug/liblpc_chip_8xx.a(sysinit_8xx.o) (Chip_SYSCTL_PowerDown)
/Applications/lpcxpresso_8.1.4_606/lpcxpresso/tools/bin/../lib/gcc/arm-none-eabi/5.2.1/armv6-m/libgcc.a(_udivsi3.o)
                              ./src/Blinky_led_uart.o (__aeabi_uidiv)
/Applications/lpcxpresso_8.1.4_606/lpcxpresso/tools/bin/../lib/gcc/arm-none-eabi/5.2.1/armv6-m/libgcc.a(_dvmd_tls.o)
                              /Applications/lpcxpresso_8.1.4_606/lpcxpresso/tools/bin/../lib/gcc/arm-none-eabi/5.2.1/armv6-m/libgcc.a(_udivsi3.o) (__aeabi_idiv0)
/Applications/lpcxpresso_8.1.4_606/lpcxpresso/tools/bin/../lib/gcc/arm-none-eabi/5.2.1/armv6-m/libgcc.a(_aeabi_uldivmod.o)
                              /Users/odieste/Desktop/Dropbox/Shared/Natalia and others -- FIDIPRO/Experiments/TDD/Training materials/OY Fall 2016 (Testable design)/workspace/lpc_chip_8xx/Debug/liblpc_chip_8xx.a(clock_8xx.o) (__aeabi_uldivmod)
/Applications/lpcxpresso_8.1.4_606/lpcxpresso/tools/bin/../lib/gcc/arm-none-eabi/5.2.1/armv6-m/libgcc.a(_udivmoddi4.o)
                              /Applications/lpcxpresso_8.1.4_606/lpcxpresso/tools/bin/../lib/gcc/arm-none-eabi/5.2.1/armv6-m/libgcc.a(_aeabi_uldivmod.o) (__udivmoddi4)
/Applications/lpcxpresso_8.1.4_606/lpcxpresso/tools/bin/../lib/gcc/arm-none-eabi/5.2.1/armv6-m/libgcc.a(_clzdi2.o)
                              /Applications/lpcxpresso_8.1.4_606/lpcxpresso/tools/bin/../lib/gcc/arm-none-eabi/5.2.1/armv6-m/libgcc.a(_udivmoddi4.o) (__clzdi2)
/Applications/lpcxpresso_8.1.4_606/lpcxpresso/tools/bin/../lib/gcc/arm-none-eabi/5.2.1/armv6-m/libgcc.a(_clzsi2.o)
                              /Applications/lpcxpresso_8.1.4_606/lpcxpresso/tools/bin/../lib/gcc/arm-none-eabi/5.2.1/armv6-m/libgcc.a(_clzdi2.o) (__clzsi2)
/Applications/lpcxpresso_8.1.4_606/lpcxpresso/tools/bin/../lib/gcc/arm-none-eabi/5.2.1/../../../../arm-none-eabi/lib/armv6-m/libc.a(lib_a-init.o)
                              ./src/cr_startup_lpc8xx.o (__libc_init_array)
/Applications/lpcxpresso_8.1.4_606/lpcxpresso/tools/bin/../lib/gcc/arm-none-eabi/5.2.1/../../../../arm-none-eabi/lib/armv6-m/libc.a(lib_a-malloc.o)
                              ./src/cr_cpp_config.o (malloc)
/Applications/lpcxpresso_8.1.4_606/lpcxpresso/tools/bin/../lib/gcc/arm-none-eabi/5.2.1/../../../../arm-none-eabi/lib/armv6-m/libc.a(lib_a-mallocr.o)
                              /Applications/lpcxpresso_8.1.4_606/lpcxpresso/tools/bin/../lib/gcc/arm-none-eabi/5.2.1/../../../../arm-none-eabi/lib/armv6-m/libc.a(lib_a-malloc.o) (_malloc_r)
/Applications/lpcxpresso_8.1.4_606/lpcxpresso/tools/bin/../lib/gcc/arm-none-eabi/5.2.1/../../../../arm-none-eabi/lib/armv6-m/libc.a(lib_a-mlock.o)
                              /Applications/lpcxpresso_8.1.4_606/lpcxpresso/tools/bin/../lib/gcc/arm-none-eabi/5.2.1/../../../../arm-none-eabi/lib/armv6-m/libc.a(lib_a-mallocr.o) (__malloc_lock)
/Applications/lpcxpresso_8.1.4_606/lpcxpresso/tools/bin/../lib/gcc/arm-none-eabi/5.2.1/../../../../arm-none-eabi/lib/armv6-m/libc.a(lib_a-sbrkr.o)
                              /Applications/lpcxpresso_8.1.4_606/lpcxpresso/tools/bin/../lib/gcc/arm-none-eabi/5.2.1/../../../../arm-none-eabi/lib/armv6-m/libc.a(lib_a-mallocr.o) (_sbrk_r)
[...]
Memory Configuration

Name             Origin             Length             Attributes
MFlash16         0x0000000000000000 0x0000000000004000 xr
RamLoc4          0x0000000010000000 0x0000000000001000 xrw
*default*        0x0000000000000000 0xffffffffffffffff

Linker script and memory map

LOAD ./src/Blinky_led_uart.o
LOAD ./src/cr_cpp_config.o
LOAD ./src/cr_startup_lpc8xx.o
LOAD ./src/crp.o
LOAD ./src/mtb.o
LOAD ./src/sysinit.o
LOAD /Users/odieste/Desktop/Dropbox/Shared/Natalia and others -- FIDIPRO/Experiments/TDD/Training materials/OY Fall 2016 (Testable design)/workspace/lpc_chip_8xx/Debug/liblpc_chip_8xx.a
LOAD /Users/odieste/Desktop/Dropbox/Shared/Natalia and others -- FIDIPRO/Experiments/TDD/Training materials/OY Fall 2016 (Testable design)/workspace/CMSIS_DSPLIB_CM0/lib/libCMSIS_DSPLIB_CM0.a
START GROUP
LOAD /Applications/lpcxpresso_8.1.4_606/lpcxpresso/tools/bin/../lib/gcc/arm-none-eabi/5.2.1/armv6-m/libgcc.a
LOAD /Applications/lpcxpresso_8.1.4_606/lpcxpresso/tools/bin/../lib/gcc/arm-none-eabi/5.2.1/../../../../arm-none-eabi/lib/armv6-m/libc.a
LOAD /Applications/lpcxpresso_8.1.4_606/lpcxpresso/tools/bin/../lib/gcc/arm-none-eabi/5.2.1/../../../../arm-none-eabi/lib/armv6-m/libstdc++.a
LOAD /Applications/lpcxpresso_8.1.4_606/lpcxpresso/tools/bin/../lib/gcc/arm-none-eabi/5.2.1/../../../../arm-none-eabi/lib/armv6-m/libm.a
LOAD /Applications/lpcxpresso_8.1.4_606/lpcxpresso/tools/bin/../lib/gcc/arm-none-eabi/5.2.1/../../../../arm-none-eabi/lib/armv6-m/libcr_newlib_nohost.a
LOAD /Applications/lpcxpresso_8.1.4_606/lpcxpresso/tools/bin/../lib/gcc/arm-none-eabi/5.2.1/armv6-m/crti.o
LOAD /Applications/lpcxpresso_8.1.4_606/lpcxpresso/tools/bin/../lib/gcc/arm-none-eabi/5.2.1/armv6-m/crtn.o
LOAD /Applications/lpcxpresso_8.1.4_606/lpcxpresso/tools/bin/../lib/gcc/arm-none-eabi/5.2.1/armv6-m/crtbegin.o
LOAD /Applications/lpcxpresso_8.1.4_606/lpcxpresso/tools/bin/../lib/gcc/arm-none-eabi/5.2.1/armv6-m/crtend.o
END GROUP
                0x0000000000000000                __base_MFlash16 = 0x0
                0x0000000000000000                __base_Flash = 0x0
                0x0000000000004000                __top_MFlash16 = 0x4000
                0x0000000000004000                __top_Flash = 0x4000
                0x0000000010000000                __base_RamLoc4 = 0x10000000
                0x0000000010000000                __base_RAM = 0x10000000
                0x0000000010001000                __top_RamLoc4 = 0x10001000
                0x0000000010001000                __top_RAM = 0x10001000

.text           0x0000000000000000     0x1040
 FILL mask 0xff
                0x0000000000000000                __vectors_start__ = ABSOLUTE (.)
 *(.isr_vector)
 .isr_vector    0x0000000000000000       0xc0 ./src/cr_startup_lpc8xx.o
                0x0000000000000000                g_pfnVectors
                0x00000000000000c0                . = ALIGN (0x4)
                0x00000000000000c0                __section_table_start = .
                0x00000000000000c0                __data_section_table = .
                0x00000000000000c0        0x4 LONG 0x1040 LOADADDR (.data)
                0x00000000000000c4        0x4 LONG 0x10000100 ADDR (.data)
                0x00000000000000c8        0x4 LONG 0x0 SIZEOF (.data)
                0x00000000000000cc                __data_section_table_end = .
                0x00000000000000cc                __bss_section_table = .
                0x00000000000000cc        0x4 LONG 0x10000100 ADDR (.bss)
                0x00000000000000d0        0x4 LONG 0x28 SIZEOF (.bss)
                0x00000000000000d4                __bss_section_table_end = .
                0x00000000000000d4                __section_table_end = .
 *(.after_vectors*)
 .after_vectors
                0x00000000000000d4      0x128 ./src/cr_startup_lpc8xx.o
                0x00000000000000d4                data_init(unsigned int, unsigned int, unsigned int)
                0x0000000000000114                bss_init(unsigned int, unsigned int)
                0x0000000000000148                ResetISR
                0x00000000000001cc                NMI_Handler
                0x00000000000001d4                HardFault_Handler
                0x00000000000001dc                SVC_Handler
                0x00000000000001e4                PendSV_Handler
                0x00000000000001ec                SysTick_Handler
                0x00000000000001f4                SPI1_IRQHandler
                0x00000000000001f4                IntDefaultHandler
                0x00000000000001f4                CMP_IRQHandler
                0x00000000000001f4                UART2_IRQHandler
                0x00000000000001f4                PININT5_IRQHandler
                0x00000000000001f4                PININT4_IRQHandler
                0x00000000000001f4                PININT0_IRQHandler
                0x00000000000001f4                BOD_IRQHandler
                0x00000000000001f4                SCT_IRQHandler
                0x00000000000001f4                I2C_IRQHandler
                0x00000000000001f4                WDT_IRQHandler
                0x00000000000001f4                PININT6_IRQHandler
                0x00000000000001f4                SPI0_IRQHandler
                0x00000000000001f4                PININT3_IRQHandler
                0x00000000000001f4                PININT7_IRQHandler
                0x00000000000001f4                WKT_IRQHandler
                0x00000000000001f4                PININT2_IRQHandler
                0x00000000000001f4                PININT1_IRQHandler
                0x00000000000001f4                MRT_IRQHandler
                0x00000000000001f4                UART1_IRQHandler
                0x00000000000001f4                UART0_IRQHandler
                0x00000000000002fc                . = 0x2fc
 *fill*         0x00000000000001fc      0x100 ff
                0x00000000000002fc                PROVIDE (__CRP_WORD_START__, .)
 *(.crp)
 .crp           0x00000000000002fc        0x4 ./src/crp.o
                0x00000000000002fc                CRP_WORD
                0x0000000000000300                PROVIDE (__CRP_WORD_END__, .)
                0x0000000000000001                ASSERT (! ((__CRP_WORD_START__ == __CRP_WORD_END__)), Linker CRP Enabled, but no CRP_WORD provided within application)
 *(.text*)
 .text._Z9GPIO_initi
                0x0000000000000300       0x64 ./src/Blinky_led_uart.o
                0x0000000000000300                GPIO_init(int)
 .text._Z6led_oni
                0x0000000000000364       0x3c ./src/Blinky_led_uart.o
                0x0000000000000364                led_on(int)
 .text._Z7led_offi
                0x00000000000003a0       0x34 ./src/Blinky_led_uart.o
                0x00000000000003a0                led_off(int)
 .text._Z5delayv
                0x00000000000003d4       0x3c ./src/Blinky_led_uart.o
                0x00000000000003d4                delay()
 .text._Z9UART_initm
                0x0000000000000410       0xb0 ./src/Blinky_led_uart.o
                0x0000000000000410                UART_init(unsigned long)
 .text._Z8SWM_initv
                0x00000000000004c0       0x48 ./src/Blinky_led_uart.o
                0x00000000000004c0                SWM_init()
 .text._Z20receive_char_by_UARTv
                0x0000000000000508       0x44 ./src/Blinky_led_uart.o
                0x0000000000000508                receive_char_by_UART()
 .text.main     0x000000000000054c       0x34 ./src/Blinky_led_uart.o
                0x000000000000054c                main
 .text.SystemInit
                0x0000000000000580       0x10 ./src/sysinit.o
                0x0000000000000580                SystemInit
 .text.SystemCoreClockUpdate
                0x0000000000000590       0x18 /Users/odieste/Desktop/Dropbox/Shared/Natalia and others -- FIDIPRO/Experiments/TDD/Training materials/OY Fall 2016 (Testable design)/workspace/lpc_chip_8xx/Debug/liblpc_chip_8xx.a(chip_8xx.o)
                0x0000000000000590                SystemCoreClockUpdate
 .text.Chip_Clock_GetMainOscRate
                0x00000000000005a8       0x14 /Users/odieste/Desktop/Dropbox/Shared/Natalia and others -- FIDIPRO/Experiments/TDD/Training materials/OY Fall 2016 (Testable design)/workspace/lpc_chip_8xx/Debug/liblpc_chip_8xx.a(clock_8xx.o)
 .text.Chip_Clock_GetIntOscRate
                0x00000000000005bc       0x10 /Users/odieste/Desktop/Dropbox/Shared/Natalia and others -- FIDIPRO/Experiments/TDD/Training materials/OY Fall 2016 (Testable design)/workspace/lpc_chip_8xx/Debug/liblpc_chip_8xx.a(clock_8xx.o)
 .text.Chip_Clock_GetExtClockInRate
                0x00000000000005cc       0x14 /Users/odieste/Desktop/Dropbox/Shared/Natalia and others -- FIDIPRO/Experiments/TDD/Training materials/OY Fall 2016 (Testable design)/workspace/lpc_chip_8xx/Debug/liblpc_chip_8xx.a(clock_8xx.o)
 .text.Chip_Clock_GetWDTLFORate
                0x00000000000005e0       0x48 /Users/odieste/Desktop/Dropbox/Shared/Natalia and others -- FIDIPRO/Experiments/TDD/Training materials/OY Fall 2016 (Testable design)/workspace/lpc_chip_8xx/Debug/liblpc_chip_8xx.a(clock_8xx.o)
 .text.Chip_Clock_GetPLLFreq
                0x0000000000000628       0x24 /Users/odieste/Desktop/Dropbox/Shared/Natalia and others -- FIDIPRO/Experiments/TDD/Training materials/OY Fall 2016 (Testable design)/workspace/lpc_chip_8xx/Debug/liblpc_chip_8xx.a(clock_8xx.o)
 .text.Chip_Clock_SetSystemPLLSource
                0x000000000000064c       0x2c /Users/odieste/Desktop/Dropbox/Shared/Natalia and others -- FIDIPRO/Experiments/TDD/Training materials/OY Fall 2016 (Testable design)/workspace/lpc_chip_8xx/Debug/liblpc_chip_8xx.a(clock_8xx.o)
                0x000000000000064c                Chip_Clock_SetSystemPLLSource
 .text.Chip_Clock_SetMainClockSource
                0x0000000000000678       0x2c /Users/odieste/Desktop/Dropbox/Shared/Natalia and others -- FIDIPRO/Experiments/TDD/Training materials/OY Fall 2016 (Testable design)/workspace/lpc_chip_8xx/Debug/liblpc_chip_8xx.a(clock_8xx.o)
                0x0000000000000678                Chip_Clock_SetMainClockSource
 .text.Chip_Clock_GetWDTOSCRate
                0x00000000000006a4       0x20 /Users/odieste/Desktop/Dropbox/Shared/Natalia and others -- FIDIPRO/Experiments/TDD/Training materials/OY Fall 2016 (Testable design)/workspace/lpc_chip_8xx/Debug/liblpc_chip_8xx.a(clock_8xx.o)
                0x00000000000006a4                Chip_Clock_GetWDTOSCRate
 .text.Chip_Clock_GetSystemPLLInClockRate
                0x00000000000006c4       0x4c /Users/odieste/Desktop/Dropbox/Shared/Natalia and others -- FIDIPRO/Experiments/TDD/Training materials/OY Fall 2016 (Testable design)/workspace/lpc_chip_8xx/Debug/liblpc_chip_8xx.a(clock_8xx.o)
                0x00000000000006c4                Chip_Clock_GetSystemPLLInClockRate
 .text.Chip_Clock_GetSystemPLLOutClockRate
                0x0000000000000710       0x28 /Users/odieste/Desktop/Dropbox/Shared/Natalia and others -- FIDIPRO/Experiments/TDD/Training materials/OY Fall 2016 (Testable design)/workspace/lpc_chip_8xx/Debug/liblpc_chip_8xx.a(clock_8xx.o)
                0x0000000000000710                Chip_Clock_GetSystemPLLOutClockRate
 .text.Chip_Clock_GetMainClockRate
                0x0000000000000738       0x60 /Users/odieste/Desktop/Dropbox/Shared/Natalia and others -- FIDIPRO/Experiments/TDD/Training materials/OY Fall 2016 (Testable design)/workspace/lpc_chip_8xx/Debug/liblpc_chip_8xx.a(clock_8xx.o)
                0x0000000000000738                Chip_Clock_GetMainClockRate
 .text.Chip_Clock_GetSystemClockRate
                0x0000000000000798       0x24 /Users/odieste/Desktop/Dropbox/Shared/Natalia and others -- FIDIPRO/Experiments/TDD/Training materials/OY Fall 2016 (Testable design)/workspace/lpc_chip_8xx/Debug/liblpc_chip_8xx.a(clock_8xx.o)
                0x0000000000000798                Chip_Clock_GetSystemClockRate
 .text.Chip_SetupIrcClocking
                0x00000000000007bc       0x20 /Users/odieste/Desktop/Dropbox/Shared/Natalia and others -- FIDIPRO/Experiments/TDD/Training materials/OY Fall 2016 (Testable design)/workspace/lpc_chip_8xx/Debug/liblpc_chip_8xx.a(sysinit_8xx.o)
                0x00000000000007bc                Chip_SetupIrcClocking
 .text.Chip_SystemInit
                0x00000000000007dc       0x10 /Users/odieste/Desktop/Dropbox/Shared/Natalia and others -- FIDIPRO/Experiments/TDD/Training materials/OY Fall 2016 (Testable design)/workspace/lpc_chip_8xx/Debug/liblpc_chip_8xx.a(sysinit_8xx.o)
                0x00000000000007dc                Chip_SystemInit
 .text.Chip_Clock_SetupSystemPLL
                0x00000000000007ec       0x38 /Users/odieste/Desktop/Dropbox/Shared/Natalia and others -- FIDIPRO/Experiments/TDD/Training materials/OY Fall 2016 (Testable design)/workspace/lpc_chip_8xx/Debug/liblpc_chip_8xx.a(irc_8xx.o)
 .text.Chip_Clock_IsSystemPLLLocked
                0x0000000000000824       0x1c /Users/odieste/Desktop/Dropbox/Shared/Natalia and others -- FIDIPRO/Experiments/TDD/Training materials/OY Fall 2016 (Testable design)/workspace/lpc_chip_8xx/Debug/liblpc_chip_8xx.a(irc_8xx.o)
 .text.Chip_Clock_SetSysClockDiv
                0x0000000000000840       0x1c /Users/odieste/Desktop/Dropbox/Shared/Natalia and others -- FIDIPRO/Experiments/TDD/Training materials/OY Fall 2016 (Testable design)/workspace/lpc_chip_8xx/Debug/liblpc_chip_8xx.a(irc_8xx.o)
 .text.Chip_FMC_SetFLASHAccess
                0x000000000000085c       0x2c /Users/odieste/Desktop/Dropbox/Shared/Natalia and others -- FIDIPRO/Experiments/TDD/Training materials/OY Fall 2016 (Testable design)/workspace/lpc_chip_8xx/Debug/liblpc_chip_8xx.a(irc_8xx.o)
 .text.pll_config
                0x0000000000000888       0x6c /Users/odieste/Desktop/Dropbox/Shared/Natalia and others -- FIDIPRO/Experiments/TDD/Training materials/OY Fall 2016 (Testable design)/workspace/lpc_chip_8xx/Debug/liblpc_chip_8xx.a(irc_8xx.o)
 .text.Chip_IRC_SetFreq
                0x00000000000008f4       0xf4 /Users/odieste/Desktop/Dropbox/Shared/Natalia and others -- FIDIPRO/Experiments/TDD/Training materials/OY Fall 2016 (Testable design)/workspace/lpc_chip_8xx/Debug/liblpc_chip_8xx.a(irc_8xx.o)
                0x00000000000008f4                Chip_IRC_SetFreq
 .text.Chip_SYSCTL_PowerDown
                0x00000000000009e8       0x44 /Users/odieste/Desktop/Dropbox/Shared/Natalia and others -- FIDIPRO/Experiments/TDD/Training materials/OY Fall 2016 (Testable design)/workspace/lpc_chip_8xx/Debug/liblpc_chip_8xx.a(syscon_8xx.o)
                0x00000000000009e8                Chip_SYSCTL_PowerDown
 .text.Chip_SYSCTL_PowerUp
                0x0000000000000a2c       0x48 /Users/odieste/Desktop/Dropbox/Shared/Natalia and others -- FIDIPRO/Experiments/TDD/Training materials/OY Fall 2016 (Testable design)/workspace/lpc_chip_8xx/Debug/liblpc_chip_8xx.a(syscon_8xx.o)
                0x0000000000000a2c                Chip_SYSCTL_PowerUp
 .text          0x0000000000000a74      0x114 /Applications/lpcxpresso_8.1.4_606/lpcxpresso/tools/bin/../lib/gcc/arm-none-eabi/5.2.1/armv6-m/libgcc.a(_udivsi3.o)
                0x0000000000000a74                __udivsi3
                0x0000000000000a74                __aeabi_uidiv
                0x0000000000000b80                __aeabi_uidivmod
 .text          0x0000000000000b88        0x4 /Applications/lpcxpresso_8.1.4_606/lpcxpresso/tools/bin/../lib/gcc/arm-none-eabi/5.2.1/armv6-m/libgcc.a(_dvmd_tls.o)
                0x0000000000000b88                __aeabi_ldiv0
                0x0000000000000b88                __aeabi_idiv0
 .text.__libc_init_array
                0x0000000000000b8c       0x48 /Applications/lpcxpresso_8.1.4_606/lpcxpresso/tools/bin/../lib/gcc/arm-none-eabi/5.2.1/../../../../arm-none-eabi/lib/armv6-m/libc.a(lib_a-init.o)
                0x0000000000000b8c                __libc_init_array
 .text          0x0000000000000bd4       0xb4 /Applications/lpcxpresso_8.1.4_606/lpcxpresso/tools/bin/../lib/gcc/arm-none-eabi/5.2.1/armv6-m/crtbegin.o
 *(.rodata .rodata.* .constdata .constdata.*)
 .rodata.OscRateIn
                0x0000000000000c88        0x4 ./src/sysinit.o
                0x0000000000000c88                OscRateIn
 .rodata.ExtRateIn
                0x0000000000000c8c        0x4 ./src/sysinit.o
                0x0000000000000c8c                ExtRateIn
 .rodata.wdtOSCRate
                0x0000000000000c90       0x40 /Users/odieste/Desktop/Dropbox/Shared/Natalia and others -- FIDIPRO/Experiments/TDD/Training materials/OY Fall 2016 (Testable design)/workspace/lpc_chip_8xx/Debug/liblpc_chip_8xx.a(clock_8xx.o)
 .rodata.config_tab
                0x0000000000000cd0      0x354 /Users/odieste/Desktop/Dropbox/Shared/Natalia and others -- FIDIPRO/Experiments/TDD/Training materials/OY Fall 2016 (Testable design)/workspace/lpc_chip_8xx/Debug/liblpc_chip_8xx.a(irc_8xx.o)
                0x0000000000001024                . = ALIGN (0x4)
                0x0000000000001024                . = ALIGN (0x4)
 *(.init)
 .init          0x0000000000001024        0x4 /Applications/lpcxpresso_8.1.4_606/lpcxpresso/tools/bin/../lib/gcc/arm-none-eabi/5.2.1/armv6-m/crti.o
                0x0000000000001024                _init
 .init          0x0000000000001028        0x8 /Applications/lpcxpresso_8.1.4_606/lpcxpresso/tools/bin/../lib/gcc/arm-none-eabi/5.2.1/armv6-m/crtn.o
                0x0000000000001030                . = ALIGN (0x4)
                0x0000000000001030                __preinit_array_start = .
 *(.preinit_array)
                0x0000000000001030                __preinit_array_end = .
                0x0000000000001030                . = ALIGN (0x4)
                0x0000000000001030                __init_array_start = .
 *(SORT(.init_array.*))
 *(.init_array)
 .init_array    0x0000000000001030        0x4 /Applications/lpcxpresso_8.1.4_606/lpcxpresso/tools/bin/../lib/gcc/arm-none-eabi/5.2.1/armv6-m/crtbegin.o
                0x0000000000001034                __init_array_end = .
 *(.fini)
 .fini          0x0000000000001034        0x4 /Applications/lpcxpresso_8.1.4_606/lpcxpresso/tools/bin/../lib/gcc/arm-none-eabi/5.2.1/armv6-m/crti.o
                0x0000000000001034                _fini
 .fini          0x0000000000001038        0x8 /Applications/lpcxpresso_8.1.4_606/lpcxpresso/tools/bin/../lib/gcc/arm-none-eabi/5.2.1/armv6-m/crtn.o
                0x0000000000001040                . = ALIGN (0x4)
 *crtbegin.o(.ctors)
 *(EXCLUDE_FILE(*crtend.o) .ctors)
 *(SORT(.ctors.*))
 *crtend.o(.ctors)
                0x0000000000001040                . = ALIGN (0x4)
 *crtbegin.o(.dtors)
 *(EXCLUDE_FILE(*crtend.o) .dtors)
 *(SORT(.dtors.*))
 *crtend.o(.dtors)
                0x0000000000001040                . = ALIGN (0x4)

.glue_7         0x0000000000001040        0x0
 .glue_7        0x0000000000001040        0x0 linker stubs

.glue_7t        0x0000000000001040        0x0
 .glue_7t       0x0000000000001040        0x0 linker stubs

.vfp11_veneer   0x0000000000001040        0x0
 .vfp11_veneer  0x0000000000001040        0x0 linker stubs

.v4_bx          0x0000000000001040        0x0
 .v4_bx         0x0000000000001040        0x0 linker stubs

.iplt           0x0000000000001040        0x0
 .iplt          0x0000000000001040        0x0 ./src/Blinky_led_uart.o

.rel.dyn        0x0000000000001040        0x0
 .rel.iplt      0x0000000000001040        0x0 ./src/Blinky_led_uart.o

.eh_frame       0x0000000000001040        0x0
 .eh_frame      0x0000000000001040        0x0 /Applications/lpcxpresso_8.1.4_606/lpcxpresso/tools/bin/../lib/gcc/arm-none-eabi/5.2.1/armv6-m/crtbegin.o

.ARM.extab
 *(.ARM.extab* .gnu.linkonce.armextab.*)
                0x0000000000001040                __exidx_start = .

.ARM.exidx
 *(.ARM.exidx* .gnu.linkonce.armexidx.*)
                0x0000000000001040                __exidx_end = .
                0x0000000000001040                _etext = .

.mtb_buffer_default
                0x0000000010000000      0x100
 *(.mtb*)
 .mtb.$RAM1     0x0000000010000000      0x100 ./src/mtb.o
                0x0000000010000000                __mtb_buffer__

.uninit_RESERVED
                0x0000000010000100        0x0
 *(.bss.$RESERVED*)
                0x0000000010000100                . = ALIGN (0x4)
                0x0000000010000100                _end_uninit_RESERVED = .

.data           0x0000000010000100        0x0 load address 0x0000000000001040
 FILL mask 0xff
                0x0000000010000100                _data = .
 *(vtable)
 *(.ramfunc*)
 *(.data*)
                0x0000000010000100                . = ALIGN (0x4)
                0x0000000010000100                _edata = .

.igot.plt       0x0000000010000100        0x0 load address 0x0000000000001040
 .igot.plt      0x0000000010000100        0x0 ./src/Blinky_led_uart.o

.jcr            0x0000000010000100        0x0 load address 0x0000000000001040
 .jcr           0x0000000010000100        0x0 /Applications/lpcxpresso_8.1.4_606/lpcxpresso/tools/bin/../lib/gcc/arm-none-eabi/5.2.1/armv6-m/crtbegin.o

.tm_clone_table
                0x0000000010000100        0x0 load address 0x0000000000001040
 .tm_clone_table
                0x0000000010000100        0x0 /Applications/lpcxpresso_8.1.4_606/lpcxpresso/tools/bin/../lib/gcc/arm-none-eabi/5.2.1/armv6-m/crtbegin.o
 .tm_clone_table
                0x0000000010000100        0x0 /Applications/lpcxpresso_8.1.4_606/lpcxpresso/tools/bin/../lib/gcc/arm-none-eabi/5.2.1/armv6-m/crtend.o

.bss            0x0000000010000100       0x28 load address 0x0000000000001040
                0x0000000010000100                _bss = .
 *(.bss*)
 .bss._ZZ5delayvE1i
                0x0000000010000100        0x4 ./src/Blinky_led_uart.o
 .bss.config_tab_idx
                0x0000000010000104        0x2 /Users/odieste/Desktop/Dropbox/Shared/Natalia and others -- FIDIPRO/Experiments/TDD/Training materials/OY Fall 2016 (Testable design)/workspace/lpc_chip_8xx/Debug/liblpc_chip_8xx.a(irc_8xx.o)
 *fill*         0x0000000010000106        0x2 
 .bss           0x0000000010000108       0x1c /Applications/lpcxpresso_8.1.4_606/lpcxpresso/tools/bin/../lib/gcc/arm-none-eabi/5.2.1/armv6-m/crtbegin.o
 *(COMMON)
 COMMON         0x0000000010000124        0x4 /Users/odieste/Desktop/Dropbox/Shared/Natalia and others -- FIDIPRO/Experiments/TDD/Training materials/OY Fall 2016 (Testable design)/workspace/lpc_chip_8xx/Debug/liblpc_chip_8xx.a(chip_8xx.o)
                0x0000000010000124                SystemCoreClock
                0x0000000010000128                . = ALIGN (0x4)
                0x0000000010000128                _ebss = .
                [!provide]                        PROVIDE (end, .)

.noinit         0x0000000010000128        0x0 load address 0x0000000000001040
                0x0000000010000128                _noinit = .
 *(.noinit*)
                0x0000000010000128                . = ALIGN (0x4)
                0x0000000010000128                _end_noinit = .
                0x0000000010000128                PROVIDE (_pvHeapStart, DEFINED (__user_heap_base)?__user_heap_base:.)
                0x0000000010001000                PROVIDE (_vStackTop, DEFINED (__user_stack_top)?__user_stack_top:(__top_RamLoc4 - 0x0))
                0xffffffffefffeb15                PROVIDE (__valid_user_code_checksum, (0x0 - (((_vStackTop + (ResetISR + 0x1)) + (DEFINED (NMI_Handler)?NMI_Handler:M0_NMI_Handler + 0x1)) + (DEFINED (HardFault_Handler)?HardFault_Handler:M0_HardFault_Handler + 0x1))))
OUTPUT(Blinky.axf elf32-littlearm)

.debug_info     0x0000000000000000     0x2ee4
 .debug_info    0x0000000000000000      0x7d5 ./src/Blinky_led_uart.o
 .debug_info    0x00000000000007d5      0x206 ./src/cr_startup_lpc8xx.o
 .debug_info    0x00000000000009db       0x3f ./src/crp.o
 .debug_info    0x0000000000000a1a       0x51 ./src/mtb.o
 .debug_info    0x0000000000000a6b       0xd3 ./src/sysinit.o
 .debug_info    0x0000000000000b3e       0xcd /Users/odieste/Desktop/Dropbox/Shared/Natalia and others -- FIDIPRO/Experiments/TDD/Training materials/OY Fall 2016 (Testable design)/workspace/lpc_chip_8xx/Debug/liblpc_chip_8xx.a(chip_8xx.o)
 .debug_info    0x0000000000000c0b      0xa81 /Users/odieste/Desktop/Dropbox/Shared/Natalia and others -- FIDIPRO/Experiments/TDD/Training materials/OY Fall 2016 (Testable design)/workspace/lpc_chip_8xx/Debug/liblpc_chip_8xx.a(clock_8xx.o)
 .debug_info    0x000000000000168c      0x5ba /Users/odieste/Desktop/Dropbox/Shared/Natalia and others -- FIDIPRO/Experiments/TDD/Training materials/OY Fall 2016 (Testable design)/workspace/lpc_chip_8xx/Debug/liblpc_chip_8xx.a(sysinit_8xx.o)
 .debug_info    0x0000000000001c46      0xe0f /Users/odieste/Desktop/Dropbox/Shared/Natalia and others -- FIDIPRO/Experiments/TDD/Training materials/OY Fall 2016 (Testable design)/workspace/lpc_chip_8xx/Debug/liblpc_chip_8xx.a(irc_8xx.o)
 .debug_info    0x0000000000002a55      0x48f /Users/odieste/Desktop/Dropbox/Shared/Natalia and others -- FIDIPRO/Experiments/TDD/Training materials/OY Fall 2016 (Testable design)/workspace/lpc_chip_8xx/Debug/liblpc_chip_8xx.a(syscon_8xx.o)

.debug_abbrev   0x0000000000000000      0xa33
 .debug_abbrev  0x0000000000000000      0x181 ./src/Blinky_led_uart.o
 .debug_abbrev  0x0000000000000181       0xe0 ./src/cr_startup_lpc8xx.o
 .debug_abbrev  0x0000000000000261       0x36 ./src/crp.o
 .debug_abbrev  0x0000000000000297       0x41 ./src/mtb.o
 .debug_abbrev  0x00000000000002d8       0x6a ./src/sysinit.o
 .debug_abbrev  0x0000000000000342       0x7b /Users/odieste/Desktop/Dropbox/Shared/Natalia and others -- FIDIPRO/Experiments/TDD/Training materials/OY Fall 2016 (Testable design)/workspace/lpc_chip_8xx/Debug/liblpc_chip_8xx.a(chip_8xx.o)
 .debug_abbrev  0x00000000000003bd      0x272 /Users/odieste/Desktop/Dropbox/Shared/Natalia and others -- FIDIPRO/Experiments/TDD/Training materials/OY Fall 2016 (Testable design)/workspace/lpc_chip_8xx/Debug/liblpc_chip_8xx.a(clock_8xx.o)
 .debug_abbrev  0x000000000000062f      0x141 /Users/odieste/Desktop/Dropbox/Shared/Natalia and others -- FIDIPRO/Experiments/TDD/Training materials/OY Fall 2016 (Testable design)/workspace/lpc_chip_8xx/Debug/liblpc_chip_8xx.a(sysinit_8xx.o)
 .debug_abbrev  0x0000000000000770      0x1f5 /Users/odieste/Desktop/Dropbox/Shared/Natalia and others -- FIDIPRO/Experiments/TDD/Training materials/OY Fall 2016 (Testable design)/workspace/lpc_chip_8xx/Debug/liblpc_chip_8xx.a(irc_8xx.o)
 .debug_abbrev  0x0000000000000965       0xce /Users/odieste/Desktop/Dropbox/Shared/Natalia and others -- FIDIPRO/Experiments/TDD/Training materials/OY Fall 2016 (Testable design)/workspace/lpc_chip_8xx/Debug/liblpc_chip_8xx.a(syscon_8xx.o)

.debug_aranges  0x0000000000000000      0x2f8
 .debug_aranges
                0x0000000000000000       0x58 ./src/Blinky_led_uart.o
 .debug_aranges
                0x0000000000000058       0x60 ./src/cr_startup_lpc8xx.o
 .debug_aranges
                0x00000000000000b8       0x18 ./src/crp.o
 .debug_aranges
                0x00000000000000d0       0x18 ./src/mtb.o
 .debug_aranges
                0x00000000000000e8       0x20 ./src/sysinit.o
 .debug_aranges
                0x0000000000000108       0x20 /Users/odieste/Desktop/Dropbox/Shared/Natalia and others -- FIDIPRO/Experiments/TDD/Training materials/OY Fall 2016 (Testable design)/workspace/lpc_chip_8xx/Debug/liblpc_chip_8xx.a(chip_8xx.o)
 .debug_aranges
                0x0000000000000128       0xf0 /Users/odieste/Desktop/Dropbox/Shared/Natalia and others -- FIDIPRO/Experiments/TDD/Training materials/OY Fall 2016 (Testable design)/workspace/lpc_chip_8xx/Debug/liblpc_chip_8xx.a(clock_8xx.o)
 .debug_aranges
                0x0000000000000218       0x50 /Users/odieste/Desktop/Dropbox/Shared/Natalia and others -- FIDIPRO/Experiments/TDD/Training materials/OY Fall 2016 (Testable design)/workspace/lpc_chip_8xx/Debug/liblpc_chip_8xx.a(sysinit_8xx.o)
 .debug_aranges
                0x0000000000000268       0x58 /Users/odieste/Desktop/Dropbox/Shared/Natalia and others -- FIDIPRO/Experiments/TDD/Training materials/OY Fall 2016 (Testable design)/workspace/lpc_chip_8xx/Debug/liblpc_chip_8xx.a(irc_8xx.o)
 .debug_aranges
                0x00000000000002c0       0x38 /Users/odieste/Desktop/Dropbox/Shared/Natalia and others -- FIDIPRO/Experiments/TDD/Training materials/OY Fall 2016 (Testable design)/workspace/lpc_chip_8xx/Debug/liblpc_chip_8xx.a(syscon_8xx.o)

.debug_ranges   0x0000000000000000      0x248
 .debug_ranges  0x0000000000000000       0x48 ./src/Blinky_led_uart.o
 .debug_ranges  0x0000000000000048       0x50 ./src/cr_startup_lpc8xx.o
 .debug_ranges  0x0000000000000098       0x10 ./src/sysinit.o
 .debug_ranges  0x00000000000000a8       0x10 /Users/odieste/Desktop/Dropbox/Shared/Natalia and others -- FIDIPRO/Experiments/TDD/Training materials/OY Fall 2016 (Testable design)/workspace/lpc_chip_8xx/Debug/liblpc_chip_8xx.a(chip_8xx.o)
 .debug_ranges  0x00000000000000b8       0xe0 /Users/odieste/Desktop/Dropbox/Shared/Natalia and others -- FIDIPRO/Experiments/TDD/Training materials/OY Fall 2016 (Testable design)/workspace/lpc_chip_8xx/Debug/liblpc_chip_8xx.a(clock_8xx.o)
 .debug_ranges  0x0000000000000198       0x40 /Users/odieste/Desktop/Dropbox/Shared/Natalia and others -- FIDIPRO/Experiments/TDD/Training materials/OY Fall 2016 (Testable design)/workspace/lpc_chip_8xx/Debug/liblpc_chip_8xx.a(sysinit_8xx.o)
 .debug_ranges  0x00000000000001d8       0x48 /Users/odieste/Desktop/Dropbox/Shared/Natalia and others -- FIDIPRO/Experiments/TDD/Training materials/OY Fall 2016 (Testable design)/workspace/lpc_chip_8xx/Debug/liblpc_chip_8xx.a(irc_8xx.o)
 .debug_ranges  0x0000000000000220       0x28 /Users/odieste/Desktop/Dropbox/Shared/Natalia and others -- FIDIPRO/Experiments/TDD/Training materials/OY Fall 2016 (Testable design)/workspace/lpc_chip_8xx/Debug/liblpc_chip_8xx.a(syscon_8xx.o)

.debug_macro    0x0000000000000000     0x486b
 .debug_macro   0x0000000000000000      0x219 ./src/Blinky_led_uart.o
 .debug_macro   0x0000000000000219      0x86e ./src/Blinky_led_uart.o
 .debug_macro   0x0000000000000a87       0x22 ./src/Blinky_led_uart.o
 .debug_macro   0x0000000000000aa9       0x44 ./src/Blinky_led_uart.o
 .debug_macro   0x0000000000000aed       0xfd ./src/Blinky_led_uart.o
 .debug_macro   0x0000000000000bea       0x22 ./src/Blinky_led_uart.o
 .debug_macro   0x0000000000000c0c      0x1df ./src/Blinky_led_uart.o
 .debug_macro   0x0000000000000deb       0x28 ./src/Blinky_led_uart.o
 .debug_macro   0x0000000000000e13       0x7b ./src/Blinky_led_uart.o
 .debug_macro   0x0000000000000e8e       0x10 ./src/Blinky_led_uart.o
 .debug_macro   0x0000000000000e9e       0x28 ./src/Blinky_led_uart.o
 .debug_macro   0x0000000000000ec6       0x3a ./src/Blinky_led_uart.o
 .debug_macro   0x0000000000000f00       0x1f ./src/Blinky_led_uart.o
 .debug_macro   0x0000000000000f1f      0x250 ./src/Blinky_led_uart.o
 .debug_macro   0x000000000000116f      0x145 ./src/Blinky_led_uart.o
 .debug_macro   0x00000000000012b4       0xca ./src/Blinky_led_uart.o
 .debug_macro   0x000000000000137e       0x6a ./src/Blinky_led_uart.o
 .debug_macro   0x00000000000013e8       0x70 ./src/Blinky_led_uart.o
 .debug_macro   0x0000000000001458       0x28 ./src/Blinky_led_uart.o
 .debug_macro   0x0000000000001480      0x190 ./src/Blinky_led_uart.o
 .debug_macro   0x0000000000001610       0x24 ./src/Blinky_led_uart.o
 .debug_macro   0x0000000000001634       0x64 ./src/Blinky_led_uart.o
 .debug_macro   0x0000000000001698       0x10 ./src/Blinky_led_uart.o
 .debug_macro   0x00000000000016a8       0x22 ./src/Blinky_led_uart.o
 .debug_macro   0x00000000000016ca       0xb2 ./src/Blinky_led_uart.o
 .debug_macro   0x000000000000177c       0x58 ./src/Blinky_led_uart.o
 .debug_macro   0x00000000000017d4       0x58 ./src/Blinky_led_uart.o
 .debug_macro   0x000000000000182c       0x6a ./src/Blinky_led_uart.o
 .debug_macro   0x0000000000001896       0x82 ./src/Blinky_led_uart.o
 .debug_macro   0x0000000000001918       0x16 ./src/Blinky_led_uart.o
 .debug_macro   0x000000000000192e      0x131 ./src/Blinky_led_uart.o
 .debug_macro   0x0000000000001a5f       0x22 ./src/Blinky_led_uart.o
 .debug_macro   0x0000000000001a81       0x52 ./src/Blinky_led_uart.o
 .debug_macro   0x0000000000001ad3      0x181 ./src/Blinky_led_uart.o
 .debug_macro   0x0000000000001c54      0x289 ./src/Blinky_led_uart.o
 .debug_macro   0x0000000000001edd      0x28b ./src/Blinky_led_uart.o
 .debug_macro   0x0000000000002168       0x2e ./src/Blinky_led_uart.o
 .debug_macro   0x0000000000002196       0x22 ./src/Blinky_led_uart.o
 .debug_macro   0x00000000000021b8       0x82 ./src/Blinky_led_uart.o
 .debug_macro   0x000000000000223a       0x1d ./src/cr_startup_lpc8xx.o
 .debug_macro   0x0000000000002257       0x1a ./src/crp.o
 .debug_macro   0x0000000000002271      0x856 ./src/crp.o
 .debug_macro   0x0000000000002ac7       0x34 ./src/crp.o
 .debug_macro   0x0000000000002afb       0x29 ./src/mtb.o
 .debug_macro   0x0000000000002b24       0x10 ./src/mtb.o
 .debug_macro   0x0000000000002b34      0x1f8 ./src/sysinit.o
 .debug_macro   0x0000000000002d2c       0x22 ./src/sysinit.o
 .debug_macro   0x0000000000002d4e      0x250 ./src/sysinit.o
 .debug_macro   0x0000000000002f9e      0x1e0 /Users/odieste/Desktop/Dropbox/Shared/Natalia and others -- FIDIPRO/Experiments/TDD/Training materials/OY Fall 2016 (Testable design)/workspace/lpc_chip_8xx/Debug/liblpc_chip_8xx.a(chip_8xx.o)
 .debug_macro   0x000000000000317e      0x838 /Users/odieste/Desktop/Dropbox/Shared/Natalia and others -- FIDIPRO/Experiments/TDD/Training materials/OY Fall 2016 (Testable design)/workspace/lpc_chip_8xx/Debug/liblpc_chip_8xx.a(chip_8xx.o)
 .debug_macro   0x00000000000039b6       0x10 /Users/odieste/Desktop/Dropbox/Shared/Natalia and others -- FIDIPRO/Experiments/TDD/Training materials/OY Fall 2016 (Testable design)/workspace/lpc_chip_8xx/Debug/liblpc_chip_8xx.a(chip_8xx.o)
 .debug_macro   0x00000000000039c6      0x12d /Users/odieste/Desktop/Dropbox/Shared/Natalia and others -- FIDIPRO/Experiments/TDD/Training materials/OY Fall 2016 (Testable design)/workspace/lpc_chip_8xx/Debug/liblpc_chip_8xx.a(chip_8xx.o)
 .debug_macro   0x0000000000003af3      0x5b2 /Users/odieste/Desktop/Dropbox/Shared/Natalia and others -- FIDIPRO/Experiments/TDD/Training materials/OY Fall 2016 (Testable design)/workspace/lpc_chip_8xx/Debug/liblpc_chip_8xx.a(chip_8xx.o)
 .debug_macro   0x00000000000040a5       0x22 /Users/odieste/Desktop/Dropbox/Shared/Natalia and others -- FIDIPRO/Experiments/TDD/Training materials/OY Fall 2016 (Testable design)/workspace/lpc_chip_8xx/Debug/liblpc_chip_8xx.a(chip_8xx.o)
 .debug_macro   0x00000000000040c7      0x1e0 /Users/odieste/Desktop/Dropbox/Shared/Natalia and others -- FIDIPRO/Experiments/TDD/Training materials/OY Fall 2016 (Testable design)/workspace/lpc_chip_8xx/Debug/liblpc_chip_8xx.a(clock_8xx.o)
 .debug_macro   0x00000000000042a7      0x1ec /Users/odieste/Desktop/Dropbox/Shared/Natalia and others -- FIDIPRO/Experiments/TDD/Training materials/OY Fall 2016 (Testable design)/workspace/lpc_chip_8xx/Debug/liblpc_chip_8xx.a(sysinit_8xx.o)
 .debug_macro   0x0000000000004493      0x1e0 /Users/odieste/Desktop/Dropbox/Shared/Natalia and others -- FIDIPRO/Experiments/TDD/Training materials/OY Fall 2016 (Testable design)/workspace/lpc_chip_8xx/Debug/liblpc_chip_8xx.a(irc_8xx.o)
 .debug_macro   0x0000000000004673      0x1f8 /Users/odieste/Desktop/Dropbox/Shared/Natalia and others -- FIDIPRO/Experiments/TDD/Training materials/OY Fall 2016 (Testable design)/workspace/lpc_chip_8xx/Debug/liblpc_chip_8xx.a(syscon_8xx.o)

.debug_line     0x0000000000000000     0x23b2
 .debug_line    0x0000000000000000      0x596 ./src/Blinky_led_uart.o
 .debug_line    0x0000000000000596       0xb8 ./src/cr_startup_lpc8xx.o
 .debug_line    0x000000000000064e       0x84 ./src/crp.o
 .debug_line    0x00000000000006d2       0xa1 ./src/mtb.o
 .debug_line    0x0000000000000773      0x4b8 ./src/sysinit.o
 .debug_line    0x0000000000000c2b      0x3ef /Users/odieste/Desktop/Dropbox/Shared/Natalia and others -- FIDIPRO/Experiments/TDD/Training materials/OY Fall 2016 (Testable design)/workspace/lpc_chip_8xx/Debug/liblpc_chip_8xx.a(chip_8xx.o)
 .debug_line    0x000000000000101a      0x63e /Users/odieste/Desktop/Dropbox/Shared/Natalia and others -- FIDIPRO/Experiments/TDD/Training materials/OY Fall 2016 (Testable design)/workspace/lpc_chip_8xx/Debug/liblpc_chip_8xx.a(clock_8xx.o)
 .debug_line    0x0000000000001658      0x477 /Users/odieste/Desktop/Dropbox/Shared/Natalia and others -- FIDIPRO/Experiments/TDD/Training materials/OY Fall 2016 (Testable design)/workspace/lpc_chip_8xx/Debug/liblpc_chip_8xx.a(sysinit_8xx.o)
 .debug_line    0x0000000000001acf      0x4b7 /Users/odieste/Desktop/Dropbox/Shared/Natalia and others -- FIDIPRO/Experiments/TDD/Training materials/OY Fall 2016 (Testable design)/workspace/lpc_chip_8xx/Debug/liblpc_chip_8xx.a(irc_8xx.o)
 .debug_line    0x0000000000001f86      0x42c /Users/odieste/Desktop/Dropbox/Shared/Natalia and others -- FIDIPRO/Experiments/TDD/Training materials/OY Fall 2016 (Testable design)/workspace/lpc_chip_8xx/Debug/liblpc_chip_8xx.a(syscon_8xx.o)

.debug_str      0x0000000000000000     0xc7d1
 .debug_str     0x0000000000000000     0x9746 ./src/Blinky_led_uart.o
                                       0x9910 (size before relaxing)
 .debug_str     0x0000000000009746      0x197 ./src/cr_startup_lpc8xx.o
                                       0x264b (size before relaxing)
 .debug_str     0x00000000000098dd      0x2bc ./src/crp.o
                                       0x252f (size before relaxing)
 .debug_str     0x0000000000009b99       0xd0 ./src/mtb.o
                                       0x2960 (size before relaxing)
 .debug_str     0x0000000000009c69       0x3e ./src/sysinit.o
                                       0x902a (size before relaxing)
 .debug_str     0x0000000000009ca7     0x1884 /Users/odieste/Desktop/Dropbox/Shared/Natalia and others -- FIDIPRO/Experiments/TDD/Training materials/OY Fall 2016 (Testable design)/workspace/lpc_chip_8xx/Debug/liblpc_chip_8xx.a(chip_8xx.o)
                                       0x9aa7 (size before relaxing)
 .debug_str     0x000000000000b52b      0x7cc /Users/odieste/Desktop/Dropbox/Shared/Natalia and others -- FIDIPRO/Experiments/TDD/Training materials/OY Fall 2016 (Testable design)/workspace/lpc_chip_8xx/Debug/liblpc_chip_8xx.a(clock_8xx.o)
                                       0xa473 (size before relaxing)
 .debug_str     0x000000000000bcf7      0x161 /Users/odieste/Desktop/Dropbox/Shared/Natalia and others -- FIDIPRO/Experiments/TDD/Training materials/OY Fall 2016 (Testable design)/workspace/lpc_chip_8xx/Debug/liblpc_chip_8xx.a(sysinit_8xx.o)
                                       0x9edb (size before relaxing)
 .debug_str     0x000000000000be58      0x865 /Users/odieste/Desktop/Dropbox/Shared/Natalia and others -- FIDIPRO/Experiments/TDD/Training materials/OY Fall 2016 (Testable design)/workspace/lpc_chip_8xx/Debug/liblpc_chip_8xx.a(irc_8xx.o)
                                       0xa6e7 (size before relaxing)
 .debug_str     0x000000000000c6bd      0x114 /Users/odieste/Desktop/Dropbox/Shared/Natalia and others -- FIDIPRO/Experiments/TDD/Training materials/OY Fall 2016 (Testable design)/workspace/lpc_chip_8xx/Debug/liblpc_chip_8xx.a(syscon_8xx.o)
                                       0x9d97 (size before relaxing)

.comment        0x0000000000000000       0x6e
 .comment       0x0000000000000000       0x6e ./src/Blinky_led_uart.o
                                         0x6f (size before relaxing)
 .comment       0x000000000000006e       0x6f ./src/cr_startup_lpc8xx.o
 .comment       0x000000000000006e       0x6f ./src/crp.o
 .comment       0x000000000000006e       0x6f ./src/mtb.o
 .comment       0x000000000000006e       0x6f ./src/sysinit.o
 .comment       0x000000000000006e       0x6f /Users/odieste/Desktop/Dropbox/Shared/Natalia and others -- FIDIPRO/Experiments/TDD/Training materials/OY Fall 2016 (Testable design)/workspace/lpc_chip_8xx/Debug/liblpc_chip_8xx.a(chip_8xx.o)
 .comment       0x000000000000006e       0x6f /Users/odieste/Desktop/Dropbox/Shared/Natalia and others -- FIDIPRO/Experiments/TDD/Training materials/OY Fall 2016 (Testable design)/workspace/lpc_chip_8xx/Debug/liblpc_chip_8xx.a(clock_8xx.o)
 .comment       0x000000000000006e       0x6f /Users/odieste/Desktop/Dropbox/Shared/Natalia and others -- FIDIPRO/Experiments/TDD/Training materials/OY Fall 2016 (Testable design)/workspace/lpc_chip_8xx/Debug/liblpc_chip_8xx.a(sysinit_8xx.o)
 .comment       0x000000000000006e       0x6f /Users/odieste/Desktop/Dropbox/Shared/Natalia and others -- FIDIPRO/Experiments/TDD/Training materials/OY Fall 2016 (Testable design)/workspace/lpc_chip_8xx/Debug/liblpc_chip_8xx.a(irc_8xx.o)
 .comment       0x000000000000006e       0x6f /Users/odieste/Desktop/Dropbox/Shared/Natalia and others -- FIDIPRO/Experiments/TDD/Training materials/OY Fall 2016 (Testable design)/workspace/lpc_chip_8xx/Debug/liblpc_chip_8xx.a(syscon_8xx.o)

.ARM.attributes
                0x0000000000000000       0x31
 .ARM.attributes
                0x0000000000000000       0x31 ./src/Blinky_led_uart.o
 .ARM.attributes
                0x0000000000000031       0x31 ./src/cr_startup_lpc8xx.o
 .ARM.attributes
                0x0000000000000062       0x31 ./src/crp.o
 .ARM.attributes
                0x0000000000000093       0x31 ./src/mtb.o
 .ARM.attributes
                0x00000000000000c4       0x31 ./src/sysinit.o
 .ARM.attributes
                0x00000000000000f5       0x31 /Users/odieste/Desktop/Dropbox/Shared/Natalia and others -- FIDIPRO/Experiments/TDD/Training materials/OY Fall 2016 (Testable design)/workspace/lpc_chip_8xx/Debug/liblpc_chip_8xx.a(chip_8xx.o)
 .ARM.attributes
                0x0000000000000126       0x31 /Users/odieste/Desktop/Dropbox/Shared/Natalia and others -- FIDIPRO/Experiments/TDD/Training materials/OY Fall 2016 (Testable design)/workspace/lpc_chip_8xx/Debug/liblpc_chip_8xx.a(clock_8xx.o)
 .ARM.attributes
                0x0000000000000157       0x31 /Users/odieste/Desktop/Dropbox/Shared/Natalia and others -- FIDIPRO/Experiments/TDD/Training materials/OY Fall 2016 (Testable design)/workspace/lpc_chip_8xx/Debug/liblpc_chip_8xx.a(sysinit_8xx.o)
 .ARM.attributes
                0x0000000000000188       0x31 /Users/odieste/Desktop/Dropbox/Shared/Natalia and others -- FIDIPRO/Experiments/TDD/Training materials/OY Fall 2016 (Testable design)/workspace/lpc_chip_8xx/Debug/liblpc_chip_8xx.a(irc_8xx.o)
 .ARM.attributes
                0x00000000000001b9       0x31 /Users/odieste/Desktop/Dropbox/Shared/Natalia and others -- FIDIPRO/Experiments/TDD/Training materials/OY Fall 2016 (Testable design)/workspace/lpc_chip_8xx/Debug/liblpc_chip_8xx.a(syscon_8xx.o)
 .ARM.attributes
                0x00000000000001ea       0x1e /Applications/lpcxpresso_8.1.4_606/lpcxpresso/tools/bin/../lib/gcc/arm-none-eabi/5.2.1/armv6-m/libgcc.a(_udivsi3.o)
 .ARM.attributes
                0x0000000000000208       0x1e /Applications/lpcxpresso_8.1.4_606/lpcxpresso/tools/bin/../lib/gcc/arm-none-eabi/5.2.1/armv6-m/libgcc.a(_dvmd_tls.o)
 .ARM.attributes
                0x0000000000000226       0x2c /Applications/lpcxpresso_8.1.4_606/lpcxpresso/tools/bin/../lib/gcc/arm-none-eabi/5.2.1/../../../../arm-none-eabi/lib/armv6-m/libc.a(lib_a-init.o)
 .ARM.attributes
                0x0000000000000252       0x1e /Applications/lpcxpresso_8.1.4_606/lpcxpresso/tools/bin/../lib/gcc/arm-none-eabi/5.2.1/armv6-m/crti.o
 .ARM.attributes
                0x0000000000000270       0x1e /Applications/lpcxpresso_8.1.4_606/lpcxpresso/tools/bin/../lib/gcc/arm-none-eabi/5.2.1/armv6-m/crtn.o
 .ARM.attributes
                0x000000000000028e       0x2c /Applications/lpcxpresso_8.1.4_606/lpcxpresso/tools/bin/../lib/gcc/arm-none-eabi/5.2.1/armv6-m/crtbegin.o
 .ARM.attributes
                0x00000000000002ba       0x2c /Applications/lpcxpresso_8.1.4_606/lpcxpresso/tools/bin/../lib/gcc/arm-none-eabi/5.2.1/armv6-m/crtend.o

.debug_frame    0x0000000000000000      0x88c
 .debug_frame   0x0000000000000000      0x104 ./src/Blinky_led_uart.o
 .debug_frame   0x0000000000000104      0x118 ./src/cr_startup_lpc8xx.o
 .debug_frame   0x000000000000021c       0x2c ./src/sysinit.o
 .debug_frame   0x0000000000000248       0x2c /Users/odieste/Desktop/Dropbox/Shared/Natalia and others -- FIDIPRO/Experiments/TDD/Training materials/OY Fall 2016 (Testable design)/workspace/lpc_chip_8xx/Debug/liblpc_chip_8xx.a(chip_8xx.o)
 .debug_frame   0x0000000000000274      0x354 /Users/odieste/Desktop/Dropbox/Shared/Natalia and others -- FIDIPRO/Experiments/TDD/Training materials/OY Fall 2016 (Testable design)/workspace/lpc_chip_8xx/Debug/liblpc_chip_8xx.a(clock_8xx.o)
 .debug_frame   0x00000000000005c8       0xe0 /Users/odieste/Desktop/Dropbox/Shared/Natalia and others -- FIDIPRO/Experiments/TDD/Training materials/OY Fall 2016 (Testable design)/workspace/lpc_chip_8xx/Debug/liblpc_chip_8xx.a(sysinit_8xx.o)
 .debug_frame   0x00000000000006a8      0x108 /Users/odieste/Desktop/Dropbox/Shared/Natalia and others -- FIDIPRO/Experiments/TDD/Training materials/OY Fall 2016 (Testable design)/workspace/lpc_chip_8xx/Debug/liblpc_chip_8xx.a(irc_8xx.o)
 .debug_frame   0x00000000000007b0       0x90 /Users/odieste/Desktop/Dropbox/Shared/Natalia and others -- FIDIPRO/Experiments/TDD/Training materials/OY Fall 2016 (Testable design)/workspace/lpc_chip_8xx/Debug/liblpc_chip_8xx.a(syscon_8xx.o)
 .debug_frame   0x0000000000000840       0x20 /Applications/lpcxpresso_8.1.4_606/lpcxpresso/tools/bin/../lib/gcc/arm-none-eabi/5.2.1/armv6-m/libgcc.a(_udivsi3.o)
 .debug_frame   0x0000000000000860       0x2c /Applications/lpcxpresso_8.1.4_606/lpcxpresso/tools/bin/../lib/gcc/arm-none-eabi/5.2.1/../../../../arm-none-eabi/lib/armv6-m/libc.a(lib_a-init.o)
